[2026-01-15 19:02:06] ERROR presentation_app.views generate - Presentation generation error: No valid JSON found in Groq response
Traceback (most recent call last):
  File "A:\My_Coding_Projects\Presentation Tools\backend\presentation_app\views.py", line 94, in generate
    json_structure = generator.generate()
                     ^^^^^^^^^^^^^^^^^^^^
  File "A:\My_Coding_Projects\Presentation Tools\backend\presentation_app\presentation_generator.py", line 206, in generate
    return self._generate_chunked()
           ^^^^^^^^^^^^^^^^^^^^^^^^
  File "A:\My_Coding_Projects\Presentation Tools\backend\presentation_app\presentation_generator.py", line 317, in _generate_chunked
    return self._generate_single()
           ^^^^^^^^^^^^^^^^^^^^^^^
  File "A:\My_Coding_Projects\Presentation Tools\backend\presentation_app\presentation_generator.py", line 252, in _generate_single
    raise ValueError("No valid JSON found in Groq response")
ValueError: No valid JSON found in Groq response
[2026-01-15 19:03:45] ERROR presentation_app.views generate - Presentation generation error: No valid JSON found in Groq response
Traceback (most recent call last):
  File "A:\My_Coding_Projects\Presentation Tools\backend\presentation_app\views.py", line 94, in generate
    json_structure = generator.generate()
                     ^^^^^^^^^^^^^^^^^^^^
  File "A:\My_Coding_Projects\Presentation Tools\backend\presentation_app\presentation_generator.py", line 225, in generate
    return self._generate_chunked()
           ^^^^^^^^^^^^^^^^^^^^^^^^
  File "A:\My_Coding_Projects\Presentation Tools\backend\presentation_app\presentation_generator.py", line 350, in _generate_chunked
    return self._generate_single()
           ^^^^^^^^^^^^^^^^^^^^^^^
  File "A:\My_Coding_Projects\Presentation Tools\backend\presentation_app\presentation_generator.py", line 277, in _generate_single
    raise ValueError("No valid JSON found in Groq response")
ValueError: No valid JSON found in Groq response
[2026-01-15 19:10:05] ERROR presentation_app.views generate - Presentation generation error: No valid JSON found in Groq response
Traceback (most recent call last):
  File "A:\My_Coding_Projects\Presentation Tools\backend\presentation_app\views.py", line 94, in generate
    json_structure = generator.generate()
                     ^^^^^^^^^^^^^^^^^^^^
  File "A:\My_Coding_Projects\Presentation Tools\backend\presentation_app\presentation_generator.py", line 318, in generate
    return self._generate_chunked()
           ^^^^^^^^^^^^^^^^^^^^^^^^
  File "A:\My_Coding_Projects\Presentation Tools\backend\presentation_app\presentation_generator.py", line 457, in _generate_chunked
    return self._generate_single()
           ^^^^^^^^^^^^^^^^^^^^^^^
  File "A:\My_Coding_Projects\Presentation Tools\backend\presentation_app\presentation_generator.py", line 370, in _generate_single
    raise ValueError("No valid JSON found in Groq response")
ValueError: No valid JSON found in Groq response
[2026-01-15 19:10:54] ERROR presentation_app.views generate - Presentation generation error: No valid JSON found in Groq response
Traceback (most recent call last):
  File "A:\My_Coding_Projects\Presentation Tools\backend\presentation_app\views.py", line 94, in generate
    json_structure = generator.generate()
                     ^^^^^^^^^^^^^^^^^^^^
  File "A:\My_Coding_Projects\Presentation Tools\backend\presentation_app\presentation_generator.py", line 318, in generate
    return self._generate_chunked()
           ^^^^^^^^^^^^^^^^^^^^^^^^
  File "A:\My_Coding_Projects\Presentation Tools\backend\presentation_app\presentation_generator.py", line 457, in _generate_chunked
    return self._generate_single()
           ^^^^^^^^^^^^^^^^^^^^^^^
  File "A:\My_Coding_Projects\Presentation Tools\backend\presentation_app\presentation_generator.py", line 370, in _generate_single
    raise ValueError("No valid JSON found in Groq response")
ValueError: No valid JSON found in Groq response
[2026-01-15 21:32:07] ERROR presentation_app.views generate - Presentation generation error: 'list' object has no attribute 'get'
Traceback (most recent call last):
  File "A:\My_Coding_Projects\Presentation Tools\backend\presentation_app\views.py", line 97, in generate
    if json_structure.get('metadata', {}).get('generated_with_chunking'):
       ^^^^^^^^^^^^^^^^^^
AttributeError: 'list' object has no attribute 'get'
[2026-01-15 21:34:26] ERROR presentation_app.views generate - Invalid json_structure type: <class 'list'>, expected dict
[2026-01-15 22:22:40] ERROR presentation_app.presentation_generator _generate_single - [JSON PARSE FAILED] Full response:
[
  {"slide_number": 1, "title": "Why Every Letter Matters", "subtitle": "", "content": "Typography is not just about making text look pretty — it’s about creating connections between ideas and people.", "bullets": ["Typography sends a message before anyone even reads the words", "Every font choice has an impact on the reader", "Understanding typography can transform ordinary text into powerful communication"], "slide_type": "title"},
  {"slide_number": 2, "title": "How We Got Here: Typography’s
[2026-01-15 22:22:40] ERROR presentation_app.views generate - Presentation generation error: 'total_slides'
Traceback (most recent call last):
  File "A:\My_Coding_Projects\Presentation Tools\backend\presentation_app\views.py", line 109, in generate
    logger.info(f"Single request processing: {json_structure['total_slides']} slides generated")
                                              ~~~~~~~~~~~~~~^^^^^^^^^^^^^^^^
KeyError: 'total_slides'
[2026-01-15 22:24:17] ERROR presentation_app.views generate - Presentation generation error: cannot access local variable 'slides_list' where it is not associated with a value
Traceback (most recent call last):
  File "A:\My_Coding_Projects\Presentation Tools\backend\presentation_app\views.py", line 109, in generate
    logger.info(f"Single request processing: {len(slides_list)} slides generated")
                                                  ^^^^^^^^^^^
UnboundLocalError: cannot access local variable 'slides_list' where it is not associated with a value
[2026-01-16 03:18:46] ERROR presentation_app.exceptions custom_exception_handler - Exception in <presentation_app.views.PresentationViewSet object at 0x000001C7C17D9E10>: Invalid token.
Traceback (most recent call last):
  File "A:\My_Coding_Projects\Presentation Tools\backend\venv\Lib\site-packages\rest_framework\authentication.py", line 201, in authenticate_credentials
    token = model.objects.select_related('user').get(key=key)
            ^^^^^^^^^^^^^^^^^^^^^^^^^^^^^^^^^^^^^^^^^^^^^^^^^
  File "A:\My_Coding_Projects\Presentation Tools\backend\venv\Lib\site-packages\django\db\models\query.py", line 637, in get
    raise self.model.DoesNotExist(
rest_framework.authtoken.models.Token.DoesNotExist: Token matching query does not exist.

During handling of the above exception, another exception occurred:

Traceback (most recent call last):
  File "A:\My_Coding_Projects\Presentation Tools\backend\venv\Lib\site-packages\rest_framework\views.py", line 497, in dispatch
    self.initial(request, *args, **kwargs)
  File "A:\My_Coding_Projects\Presentation Tools\backend\venv\Lib\site-packages\rest_framework\views.py", line 414, in initial
    self.perform_authentication(request)
  File "A:\My_Coding_Projects\Presentation Tools\backend\venv\Lib\site-packages\rest_framework\views.py", line 324, in perform_authentication
    request.user
  File "A:\My_Coding_Projects\Presentation Tools\backend\venv\Lib\site-packages\rest_framework\request.py", line 227, in user
    self._authenticate()
  File "A:\My_Coding_Projects\Presentation Tools\backend\venv\Lib\site-packages\rest_framework\request.py", line 380, in _authenticate
    user_auth_tuple = authenticator.authenticate(self)
                      ^^^^^^^^^^^^^^^^^^^^^^^^^^^^^^^^
  File "A:\My_Coding_Projects\Presentation Tools\backend\venv\Lib\site-packages\rest_framework\authentication.py", line 196, in authenticate
    return self.authenticate_credentials(token)
           ^^^^^^^^^^^^^^^^^^^^^^^^^^^^^^^^^^^^
  File "A:\My_Coding_Projects\Presentation Tools\backend\venv\Lib\site-packages\rest_framework\authentication.py", line 203, in authenticate_credentials
    raise exceptions.AuthenticationFailed(_('Invalid token.'))
rest_framework.exceptions.AuthenticationFailed: Invalid token.
[2026-01-16 03:18:46] ERROR presentation_app.exceptions custom_exception_handler - Exception in <presentation_app.views.PresentationViewSet object at 0x000001C7C17D9D10>: Invalid token.
Traceback (most recent call last):
  File "A:\My_Coding_Projects\Presentation Tools\backend\venv\Lib\site-packages\rest_framework\authentication.py", line 201, in authenticate_credentials
    token = model.objects.select_related('user').get(key=key)
            ^^^^^^^^^^^^^^^^^^^^^^^^^^^^^^^^^^^^^^^^^^^^^^^^^
  File "A:\My_Coding_Projects\Presentation Tools\backend\venv\Lib\site-packages\django\db\models\query.py", line 637, in get
    raise self.model.DoesNotExist(
rest_framework.authtoken.models.Token.DoesNotExist: Token matching query does not exist.

During handling of the above exception, another exception occurred:

Traceback (most recent call last):
  File "A:\My_Coding_Projects\Presentation Tools\backend\venv\Lib\site-packages\rest_framework\views.py", line 497, in dispatch
    self.initial(request, *args, **kwargs)
  File "A:\My_Coding_Projects\Presentation Tools\backend\venv\Lib\site-packages\rest_framework\views.py", line 414, in initial
    self.perform_authentication(request)
  File "A:\My_Coding_Projects\Presentation Tools\backend\venv\Lib\site-packages\rest_framework\views.py", line 324, in perform_authentication
    request.user
  File "A:\My_Coding_Projects\Presentation Tools\backend\venv\Lib\site-packages\rest_framework\request.py", line 227, in user
    self._authenticate()
  File "A:\My_Coding_Projects\Presentation Tools\backend\venv\Lib\site-packages\rest_framework\request.py", line 380, in _authenticate
    user_auth_tuple = authenticator.authenticate(self)
                      ^^^^^^^^^^^^^^^^^^^^^^^^^^^^^^^^
  File "A:\My_Coding_Projects\Presentation Tools\backend\venv\Lib\site-packages\rest_framework\authentication.py", line 196, in authenticate
    return self.authenticate_credentials(token)
           ^^^^^^^^^^^^^^^^^^^^^^^^^^^^^^^^^^^^
  File "A:\My_Coding_Projects\Presentation Tools\backend\venv\Lib\site-packages\rest_framework\authentication.py", line 203, in authenticate_credentials
    raise exceptions.AuthenticationFailed(_('Invalid token.'))
rest_framework.exceptions.AuthenticationFailed: Invalid token.
[2026-01-16 03:20:00] ERROR presentation_app.exceptions custom_exception_handler - Exception in <presentation_app.views.PresentationViewSet object at 0x000001C7C1549550>: Invalid token.
Traceback (most recent call last):
  File "A:\My_Coding_Projects\Presentation Tools\backend\venv\Lib\site-packages\rest_framework\authentication.py", line 201, in authenticate_credentials
    token = model.objects.select_related('user').get(key=key)
            ^^^^^^^^^^^^^^^^^^^^^^^^^^^^^^^^^^^^^^^^^^^^^^^^^
  File "A:\My_Coding_Projects\Presentation Tools\backend\venv\Lib\site-packages\django\db\models\query.py", line 637, in get
    raise self.model.DoesNotExist(
rest_framework.authtoken.models.Token.DoesNotExist: Token matching query does not exist.

During handling of the above exception, another exception occurred:

Traceback (most recent call last):
  File "A:\My_Coding_Projects\Presentation Tools\backend\venv\Lib\site-packages\rest_framework\views.py", line 497, in dispatch
    self.initial(request, *args, **kwargs)
  File "A:\My_Coding_Projects\Presentation Tools\backend\venv\Lib\site-packages\rest_framework\views.py", line 414, in initial
    self.perform_authentication(request)
  File "A:\My_Coding_Projects\Presentation Tools\backend\venv\Lib\site-packages\rest_framework\views.py", line 324, in perform_authentication
    request.user
  File "A:\My_Coding_Projects\Presentation Tools\backend\venv\Lib\site-packages\rest_framework\request.py", line 227, in user
    self._authenticate()
  File "A:\My_Coding_Projects\Presentation Tools\backend\venv\Lib\site-packages\rest_framework\request.py", line 380, in _authenticate
    user_auth_tuple = authenticator.authenticate(self)
                      ^^^^^^^^^^^^^^^^^^^^^^^^^^^^^^^^
  File "A:\My_Coding_Projects\Presentation Tools\backend\venv\Lib\site-packages\rest_framework\authentication.py", line 196, in authenticate
    return self.authenticate_credentials(token)
           ^^^^^^^^^^^^^^^^^^^^^^^^^^^^^^^^^^^^
  File "A:\My_Coding_Projects\Presentation Tools\backend\venv\Lib\site-packages\rest_framework\authentication.py", line 203, in authenticate_credentials
    raise exceptions.AuthenticationFailed(_('Invalid token.'))
rest_framework.exceptions.AuthenticationFailed: Invalid token.
[2026-01-16 03:29:01] ERROR presentation_app.exceptions custom_exception_handler - Exception in <presentation_app.views.PresentationViewSet object at 0x000001C7C165DB50>: Invalid token.
Traceback (most recent call last):
  File "A:\My_Coding_Projects\Presentation Tools\backend\venv\Lib\site-packages\rest_framework\authentication.py", line 201, in authenticate_credentials
    token = model.objects.select_related('user').get(key=key)
            ^^^^^^^^^^^^^^^^^^^^^^^^^^^^^^^^^^^^^^^^^^^^^^^^^
  File "A:\My_Coding_Projects\Presentation Tools\backend\venv\Lib\site-packages\django\db\models\query.py", line 637, in get
    raise self.model.DoesNotExist(
rest_framework.authtoken.models.Token.DoesNotExist: Token matching query does not exist.

During handling of the above exception, another exception occurred:

Traceback (most recent call last):
  File "A:\My_Coding_Projects\Presentation Tools\backend\venv\Lib\site-packages\rest_framework\views.py", line 497, in dispatch
    self.initial(request, *args, **kwargs)
  File "A:\My_Coding_Projects\Presentation Tools\backend\venv\Lib\site-packages\rest_framework\views.py", line 414, in initial
    self.perform_authentication(request)
  File "A:\My_Coding_Projects\Presentation Tools\backend\venv\Lib\site-packages\rest_framework\views.py", line 324, in perform_authentication
    request.user
  File "A:\My_Coding_Projects\Presentation Tools\backend\venv\Lib\site-packages\rest_framework\request.py", line 227, in user
    self._authenticate()
  File "A:\My_Coding_Projects\Presentation Tools\backend\venv\Lib\site-packages\rest_framework\request.py", line 380, in _authenticate
    user_auth_tuple = authenticator.authenticate(self)
                      ^^^^^^^^^^^^^^^^^^^^^^^^^^^^^^^^
  File "A:\My_Coding_Projects\Presentation Tools\backend\venv\Lib\site-packages\rest_framework\authentication.py", line 196, in authenticate
    return self.authenticate_credentials(token)
           ^^^^^^^^^^^^^^^^^^^^^^^^^^^^^^^^^^^^
  File "A:\My_Coding_Projects\Presentation Tools\backend\venv\Lib\site-packages\rest_framework\authentication.py", line 203, in authenticate_credentials
    raise exceptions.AuthenticationFailed(_('Invalid token.'))
rest_framework.exceptions.AuthenticationFailed: Invalid token.
[2026-01-16 03:29:02] ERROR presentation_app.exceptions custom_exception_handler - Exception in <presentation_app.views.PresentationViewSet object at 0x000001C7C17B4D50>: Invalid token.
Traceback (most recent call last):
  File "A:\My_Coding_Projects\Presentation Tools\backend\venv\Lib\site-packages\rest_framework\authentication.py", line 201, in authenticate_credentials
    token = model.objects.select_related('user').get(key=key)
            ^^^^^^^^^^^^^^^^^^^^^^^^^^^^^^^^^^^^^^^^^^^^^^^^^
  File "A:\My_Coding_Projects\Presentation Tools\backend\venv\Lib\site-packages\django\db\models\query.py", line 637, in get
    raise self.model.DoesNotExist(
rest_framework.authtoken.models.Token.DoesNotExist: Token matching query does not exist.

During handling of the above exception, another exception occurred:

Traceback (most recent call last):
  File "A:\My_Coding_Projects\Presentation Tools\backend\venv\Lib\site-packages\rest_framework\views.py", line 497, in dispatch
    self.initial(request, *args, **kwargs)
  File "A:\My_Coding_Projects\Presentation Tools\backend\venv\Lib\site-packages\rest_framework\views.py", line 414, in initial
    self.perform_authentication(request)
  File "A:\My_Coding_Projects\Presentation Tools\backend\venv\Lib\site-packages\rest_framework\views.py", line 324, in perform_authentication
    request.user
  File "A:\My_Coding_Projects\Presentation Tools\backend\venv\Lib\site-packages\rest_framework\request.py", line 227, in user
    self._authenticate()
  File "A:\My_Coding_Projects\Presentation Tools\backend\venv\Lib\site-packages\rest_framework\request.py", line 380, in _authenticate
    user_auth_tuple = authenticator.authenticate(self)
                      ^^^^^^^^^^^^^^^^^^^^^^^^^^^^^^^^
  File "A:\My_Coding_Projects\Presentation Tools\backend\venv\Lib\site-packages\rest_framework\authentication.py", line 196, in authenticate
    return self.authenticate_credentials(token)
           ^^^^^^^^^^^^^^^^^^^^^^^^^^^^^^^^^^^^
  File "A:\My_Coding_Projects\Presentation Tools\backend\venv\Lib\site-packages\rest_framework\authentication.py", line 203, in authenticate_credentials
    raise exceptions.AuthenticationFailed(_('Invalid token.'))
rest_framework.exceptions.AuthenticationFailed: Invalid token.
[2026-01-16 03:32:22] ERROR presentation_app.exceptions custom_exception_handler - Exception in <presentation_app.views.PresentationViewSet object at 0x0000024BDFFBEE50>: Invalid token.
Traceback (most recent call last):
  File "A:\My_Coding_Projects\Presentation Tools\backend\venv\Lib\site-packages\rest_framework\authentication.py", line 201, in authenticate_credentials
    token = model.objects.select_related('user').get(key=key)
            ^^^^^^^^^^^^^^^^^^^^^^^^^^^^^^^^^^^^^^^^^^^^^^^^^
  File "A:\My_Coding_Projects\Presentation Tools\backend\venv\Lib\site-packages\django\db\models\query.py", line 637, in get
    raise self.model.DoesNotExist(
rest_framework.authtoken.models.Token.DoesNotExist: Token matching query does not exist.

During handling of the above exception, another exception occurred:

Traceback (most recent call last):
  File "A:\My_Coding_Projects\Presentation Tools\backend\venv\Lib\site-packages\rest_framework\views.py", line 497, in dispatch
    self.initial(request, *args, **kwargs)
  File "A:\My_Coding_Projects\Presentation Tools\backend\venv\Lib\site-packages\rest_framework\views.py", line 414, in initial
    self.perform_authentication(request)
  File "A:\My_Coding_Projects\Presentation Tools\backend\venv\Lib\site-packages\rest_framework\views.py", line 324, in perform_authentication
    request.user
  File "A:\My_Coding_Projects\Presentation Tools\backend\venv\Lib\site-packages\rest_framework\request.py", line 227, in user
    self._authenticate()
  File "A:\My_Coding_Projects\Presentation Tools\backend\venv\Lib\site-packages\rest_framework\request.py", line 380, in _authenticate
    user_auth_tuple = authenticator.authenticate(self)
                      ^^^^^^^^^^^^^^^^^^^^^^^^^^^^^^^^
  File "A:\My_Coding_Projects\Presentation Tools\backend\venv\Lib\site-packages\rest_framework\authentication.py", line 196, in authenticate
    return self.authenticate_credentials(token)
           ^^^^^^^^^^^^^^^^^^^^^^^^^^^^^^^^^^^^
  File "A:\My_Coding_Projects\Presentation Tools\backend\venv\Lib\site-packages\rest_framework\authentication.py", line 203, in authenticate_credentials
    raise exceptions.AuthenticationFailed(_('Invalid token.'))
rest_framework.exceptions.AuthenticationFailed: Invalid token.
[2026-01-16 03:32:29] ERROR presentation_app.exceptions custom_exception_handler - Exception in <presentation_app.views.PresentationViewSet object at 0x0000024BDFFBCB10>: Invalid token.
Traceback (most recent call last):
  File "A:\My_Coding_Projects\Presentation Tools\backend\venv\Lib\site-packages\rest_framework\authentication.py", line 201, in authenticate_credentials
    token = model.objects.select_related('user').get(key=key)
            ^^^^^^^^^^^^^^^^^^^^^^^^^^^^^^^^^^^^^^^^^^^^^^^^^
  File "A:\My_Coding_Projects\Presentation Tools\backend\venv\Lib\site-packages\django\db\models\query.py", line 637, in get
    raise self.model.DoesNotExist(
rest_framework.authtoken.models.Token.DoesNotExist: Token matching query does not exist.

During handling of the above exception, another exception occurred:

Traceback (most recent call last):
  File "A:\My_Coding_Projects\Presentation Tools\backend\venv\Lib\site-packages\rest_framework\views.py", line 497, in dispatch
    self.initial(request, *args, **kwargs)
  File "A:\My_Coding_Projects\Presentation Tools\backend\venv\Lib\site-packages\rest_framework\views.py", line 414, in initial
    self.perform_authentication(request)
  File "A:\My_Coding_Projects\Presentation Tools\backend\venv\Lib\site-packages\rest_framework\views.py", line 324, in perform_authentication
    request.user
  File "A:\My_Coding_Projects\Presentation Tools\backend\venv\Lib\site-packages\rest_framework\request.py", line 227, in user
    self._authenticate()
  File "A:\My_Coding_Projects\Presentation Tools\backend\venv\Lib\site-packages\rest_framework\request.py", line 380, in _authenticate
    user_auth_tuple = authenticator.authenticate(self)
                      ^^^^^^^^^^^^^^^^^^^^^^^^^^^^^^^^
  File "A:\My_Coding_Projects\Presentation Tools\backend\venv\Lib\site-packages\rest_framework\authentication.py", line 196, in authenticate
    return self.authenticate_credentials(token)
           ^^^^^^^^^^^^^^^^^^^^^^^^^^^^^^^^^^^^
  File "A:\My_Coding_Projects\Presentation Tools\backend\venv\Lib\site-packages\rest_framework\authentication.py", line 203, in authenticate_credentials
    raise exceptions.AuthenticationFailed(_('Invalid token.'))
rest_framework.exceptions.AuthenticationFailed: Invalid token.
[2026-01-16 03:37:08] ERROR presentation_app.exceptions custom_exception_handler - Exception in <presentation_app.views.PresentationViewSet object at 0x000001DE5BCD2550>: Invalid token.
Traceback (most recent call last):
  File "A:\My_Coding_Projects\Presentation Tools\backend\venv\Lib\site-packages\rest_framework\authentication.py", line 201, in authenticate_credentials
    token = model.objects.select_related('user').get(key=key)
            ^^^^^^^^^^^^^^^^^^^^^^^^^^^^^^^^^^^^^^^^^^^^^^^^^
  File "A:\My_Coding_Projects\Presentation Tools\backend\venv\Lib\site-packages\django\db\models\query.py", line 637, in get
    raise self.model.DoesNotExist(
rest_framework.authtoken.models.Token.DoesNotExist: Token matching query does not exist.

During handling of the above exception, another exception occurred:

Traceback (most recent call last):
  File "A:\My_Coding_Projects\Presentation Tools\backend\venv\Lib\site-packages\rest_framework\views.py", line 497, in dispatch
    self.initial(request, *args, **kwargs)
  File "A:\My_Coding_Projects\Presentation Tools\backend\venv\Lib\site-packages\rest_framework\views.py", line 414, in initial
    self.perform_authentication(request)
  File "A:\My_Coding_Projects\Presentation Tools\backend\venv\Lib\site-packages\rest_framework\views.py", line 324, in perform_authentication
    request.user
  File "A:\My_Coding_Projects\Presentation Tools\backend\venv\Lib\site-packages\rest_framework\request.py", line 227, in user
    self._authenticate()
  File "A:\My_Coding_Projects\Presentation Tools\backend\venv\Lib\site-packages\rest_framework\request.py", line 380, in _authenticate
    user_auth_tuple = authenticator.authenticate(self)
                      ^^^^^^^^^^^^^^^^^^^^^^^^^^^^^^^^
  File "A:\My_Coding_Projects\Presentation Tools\backend\venv\Lib\site-packages\rest_framework\authentication.py", line 196, in authenticate
    return self.authenticate_credentials(token)
           ^^^^^^^^^^^^^^^^^^^^^^^^^^^^^^^^^^^^
  File "A:\My_Coding_Projects\Presentation Tools\backend\venv\Lib\site-packages\rest_framework\authentication.py", line 203, in authenticate_credentials
    raise exceptions.AuthenticationFailed(_('Invalid token.'))
rest_framework.exceptions.AuthenticationFailed: Invalid token.
[2026-01-16 03:37:25] ERROR presentation_app.exceptions custom_exception_handler - Exception in <presentation_app.views.PresentationViewSet object at 0x000001DE5BD723D0>: Invalid token.
Traceback (most recent call last):
  File "A:\My_Coding_Projects\Presentation Tools\backend\venv\Lib\site-packages\rest_framework\authentication.py", line 201, in authenticate_credentials
    token = model.objects.select_related('user').get(key=key)
            ^^^^^^^^^^^^^^^^^^^^^^^^^^^^^^^^^^^^^^^^^^^^^^^^^
  File "A:\My_Coding_Projects\Presentation Tools\backend\venv\Lib\site-packages\django\db\models\query.py", line 637, in get
    raise self.model.DoesNotExist(
rest_framework.authtoken.models.Token.DoesNotExist: Token matching query does not exist.

During handling of the above exception, another exception occurred:

Traceback (most recent call last):
  File "A:\My_Coding_Projects\Presentation Tools\backend\venv\Lib\site-packages\rest_framework\views.py", line 497, in dispatch
    self.initial(request, *args, **kwargs)
  File "A:\My_Coding_Projects\Presentation Tools\backend\venv\Lib\site-packages\rest_framework\views.py", line 414, in initial
    self.perform_authentication(request)
  File "A:\My_Coding_Projects\Presentation Tools\backend\venv\Lib\site-packages\rest_framework\views.py", line 324, in perform_authentication
    request.user
  File "A:\My_Coding_Projects\Presentation Tools\backend\venv\Lib\site-packages\rest_framework\request.py", line 227, in user
    self._authenticate()
  File "A:\My_Coding_Projects\Presentation Tools\backend\venv\Lib\site-packages\rest_framework\request.py", line 380, in _authenticate
    user_auth_tuple = authenticator.authenticate(self)
                      ^^^^^^^^^^^^^^^^^^^^^^^^^^^^^^^^
  File "A:\My_Coding_Projects\Presentation Tools\backend\venv\Lib\site-packages\rest_framework\authentication.py", line 196, in authenticate
    return self.authenticate_credentials(token)
           ^^^^^^^^^^^^^^^^^^^^^^^^^^^^^^^^^^^^
  File "A:\My_Coding_Projects\Presentation Tools\backend\venv\Lib\site-packages\rest_framework\authentication.py", line 203, in authenticate_credentials
    raise exceptions.AuthenticationFailed(_('Invalid token.'))
rest_framework.exceptions.AuthenticationFailed: Invalid token.
[2026-01-16 03:39:22] ERROR presentation_app.exceptions custom_exception_handler - Exception in <presentation_app.views.PresentationViewSet object at 0x000001DE5BCDE110>: Invalid token.
Traceback (most recent call last):
  File "A:\My_Coding_Projects\Presentation Tools\backend\venv\Lib\site-packages\rest_framework\authentication.py", line 201, in authenticate_credentials
    token = model.objects.select_related('user').get(key=key)
            ^^^^^^^^^^^^^^^^^^^^^^^^^^^^^^^^^^^^^^^^^^^^^^^^^
  File "A:\My_Coding_Projects\Presentation Tools\backend\venv\Lib\site-packages\django\db\models\query.py", line 637, in get
    raise self.model.DoesNotExist(
rest_framework.authtoken.models.Token.DoesNotExist: Token matching query does not exist.

During handling of the above exception, another exception occurred:

Traceback (most recent call last):
  File "A:\My_Coding_Projects\Presentation Tools\backend\venv\Lib\site-packages\rest_framework\views.py", line 497, in dispatch
    self.initial(request, *args, **kwargs)
  File "A:\My_Coding_Projects\Presentation Tools\backend\venv\Lib\site-packages\rest_framework\views.py", line 414, in initial
    self.perform_authentication(request)
  File "A:\My_Coding_Projects\Presentation Tools\backend\venv\Lib\site-packages\rest_framework\views.py", line 324, in perform_authentication
    request.user
  File "A:\My_Coding_Projects\Presentation Tools\backend\venv\Lib\site-packages\rest_framework\request.py", line 227, in user
    self._authenticate()
  File "A:\My_Coding_Projects\Presentation Tools\backend\venv\Lib\site-packages\rest_framework\request.py", line 380, in _authenticate
    user_auth_tuple = authenticator.authenticate(self)
                      ^^^^^^^^^^^^^^^^^^^^^^^^^^^^^^^^
  File "A:\My_Coding_Projects\Presentation Tools\backend\venv\Lib\site-packages\rest_framework\authentication.py", line 196, in authenticate
    return self.authenticate_credentials(token)
           ^^^^^^^^^^^^^^^^^^^^^^^^^^^^^^^^^^^^
  File "A:\My_Coding_Projects\Presentation Tools\backend\venv\Lib\site-packages\rest_framework\authentication.py", line 203, in authenticate_credentials
    raise exceptions.AuthenticationFailed(_('Invalid token.'))
rest_framework.exceptions.AuthenticationFailed: Invalid token.
[2026-01-16 03:39:31] ERROR presentation_app.exceptions custom_exception_handler - Exception in <presentation_app.views.PresentationViewSet object at 0x000001DE5BEC9750>: Invalid token.
Traceback (most recent call last):
  File "A:\My_Coding_Projects\Presentation Tools\backend\venv\Lib\site-packages\rest_framework\authentication.py", line 201, in authenticate_credentials
    token = model.objects.select_related('user').get(key=key)
            ^^^^^^^^^^^^^^^^^^^^^^^^^^^^^^^^^^^^^^^^^^^^^^^^^
  File "A:\My_Coding_Projects\Presentation Tools\backend\venv\Lib\site-packages\django\db\models\query.py", line 637, in get
    raise self.model.DoesNotExist(
rest_framework.authtoken.models.Token.DoesNotExist: Token matching query does not exist.

During handling of the above exception, another exception occurred:

Traceback (most recent call last):
  File "A:\My_Coding_Projects\Presentation Tools\backend\venv\Lib\site-packages\rest_framework\views.py", line 497, in dispatch
    self.initial(request, *args, **kwargs)
  File "A:\My_Coding_Projects\Presentation Tools\backend\venv\Lib\site-packages\rest_framework\views.py", line 414, in initial
    self.perform_authentication(request)
  File "A:\My_Coding_Projects\Presentation Tools\backend\venv\Lib\site-packages\rest_framework\views.py", line 324, in perform_authentication
    request.user
  File "A:\My_Coding_Projects\Presentation Tools\backend\venv\Lib\site-packages\rest_framework\request.py", line 227, in user
    self._authenticate()
  File "A:\My_Coding_Projects\Presentation Tools\backend\venv\Lib\site-packages\rest_framework\request.py", line 380, in _authenticate
    user_auth_tuple = authenticator.authenticate(self)
                      ^^^^^^^^^^^^^^^^^^^^^^^^^^^^^^^^
  File "A:\My_Coding_Projects\Presentation Tools\backend\venv\Lib\site-packages\rest_framework\authentication.py", line 196, in authenticate
    return self.authenticate_credentials(token)
           ^^^^^^^^^^^^^^^^^^^^^^^^^^^^^^^^^^^^
  File "A:\My_Coding_Projects\Presentation Tools\backend\venv\Lib\site-packages\rest_framework\authentication.py", line 203, in authenticate_credentials
    raise exceptions.AuthenticationFailed(_('Invalid token.'))
rest_framework.exceptions.AuthenticationFailed: Invalid token.
[2026-01-16 03:41:27] ERROR presentation_app.exceptions custom_exception_handler - Exception in <presentation_app.views.PresentationViewSet object at 0x000001DE5BEC9410>: Invalid token.
Traceback (most recent call last):
  File "A:\My_Coding_Projects\Presentation Tools\backend\venv\Lib\site-packages\rest_framework\authentication.py", line 201, in authenticate_credentials
    token = model.objects.select_related('user').get(key=key)
            ^^^^^^^^^^^^^^^^^^^^^^^^^^^^^^^^^^^^^^^^^^^^^^^^^
  File "A:\My_Coding_Projects\Presentation Tools\backend\venv\Lib\site-packages\django\db\models\query.py", line 637, in get
    raise self.model.DoesNotExist(
rest_framework.authtoken.models.Token.DoesNotExist: Token matching query does not exist.

During handling of the above exception, another exception occurred:

Traceback (most recent call last):
  File "A:\My_Coding_Projects\Presentation Tools\backend\venv\Lib\site-packages\rest_framework\views.py", line 497, in dispatch
    self.initial(request, *args, **kwargs)
  File "A:\My_Coding_Projects\Presentation Tools\backend\venv\Lib\site-packages\rest_framework\views.py", line 414, in initial
    self.perform_authentication(request)
  File "A:\My_Coding_Projects\Presentation Tools\backend\venv\Lib\site-packages\rest_framework\views.py", line 324, in perform_authentication
    request.user
  File "A:\My_Coding_Projects\Presentation Tools\backend\venv\Lib\site-packages\rest_framework\request.py", line 227, in user
    self._authenticate()
  File "A:\My_Coding_Projects\Presentation Tools\backend\venv\Lib\site-packages\rest_framework\request.py", line 380, in _authenticate
    user_auth_tuple = authenticator.authenticate(self)
                      ^^^^^^^^^^^^^^^^^^^^^^^^^^^^^^^^
  File "A:\My_Coding_Projects\Presentation Tools\backend\venv\Lib\site-packages\rest_framework\authentication.py", line 196, in authenticate
    return self.authenticate_credentials(token)
           ^^^^^^^^^^^^^^^^^^^^^^^^^^^^^^^^^^^^
  File "A:\My_Coding_Projects\Presentation Tools\backend\venv\Lib\site-packages\rest_framework\authentication.py", line 203, in authenticate_credentials
    raise exceptions.AuthenticationFailed(_('Invalid token.'))
rest_framework.exceptions.AuthenticationFailed: Invalid token.
[2026-01-16 03:41:32] ERROR presentation_app.exceptions custom_exception_handler - Exception in <presentation_app.views.PresentationViewSet object at 0x000001DE5BCBF310>: Invalid token.
Traceback (most recent call last):
  File "A:\My_Coding_Projects\Presentation Tools\backend\venv\Lib\site-packages\rest_framework\authentication.py", line 201, in authenticate_credentials
    token = model.objects.select_related('user').get(key=key)
            ^^^^^^^^^^^^^^^^^^^^^^^^^^^^^^^^^^^^^^^^^^^^^^^^^
  File "A:\My_Coding_Projects\Presentation Tools\backend\venv\Lib\site-packages\django\db\models\query.py", line 637, in get
    raise self.model.DoesNotExist(
rest_framework.authtoken.models.Token.DoesNotExist: Token matching query does not exist.

During handling of the above exception, another exception occurred:

Traceback (most recent call last):
  File "A:\My_Coding_Projects\Presentation Tools\backend\venv\Lib\site-packages\rest_framework\views.py", line 497, in dispatch
    self.initial(request, *args, **kwargs)
  File "A:\My_Coding_Projects\Presentation Tools\backend\venv\Lib\site-packages\rest_framework\views.py", line 414, in initial
    self.perform_authentication(request)
  File "A:\My_Coding_Projects\Presentation Tools\backend\venv\Lib\site-packages\rest_framework\views.py", line 324, in perform_authentication
    request.user
  File "A:\My_Coding_Projects\Presentation Tools\backend\venv\Lib\site-packages\rest_framework\request.py", line 227, in user
    self._authenticate()
  File "A:\My_Coding_Projects\Presentation Tools\backend\venv\Lib\site-packages\rest_framework\request.py", line 380, in _authenticate
    user_auth_tuple = authenticator.authenticate(self)
                      ^^^^^^^^^^^^^^^^^^^^^^^^^^^^^^^^
  File "A:\My_Coding_Projects\Presentation Tools\backend\venv\Lib\site-packages\rest_framework\authentication.py", line 196, in authenticate
    return self.authenticate_credentials(token)
           ^^^^^^^^^^^^^^^^^^^^^^^^^^^^^^^^^^^^
  File "A:\My_Coding_Projects\Presentation Tools\backend\venv\Lib\site-packages\rest_framework\authentication.py", line 203, in authenticate_credentials
    raise exceptions.AuthenticationFailed(_('Invalid token.'))
rest_framework.exceptions.AuthenticationFailed: Invalid token.
[2026-01-16 03:44:54] ERROR presentation_app.views generate - Presentation generation error: Client.__init__() got an unexpected keyword argument 'proxies'
Traceback (most recent call last):
  File "A:\My_Coding_Projects\Presentation Tools\backend\presentation_app\presentation_generator.py", line 284, in __init__
    self.client = Groq(api_key=api_key)
                  ^^^^^^^^^^^^^^^^^^^^^
  File "A:\My_Coding_Projects\Presentation Tools\backend\venv\Lib\site-packages\groq\_client.py", line 99, in __init__
    super().__init__(
  File "A:\My_Coding_Projects\Presentation Tools\backend\venv\Lib\site-packages\groq\_base_client.py", line 843, in __init__
    self._client = http_client or SyncHttpxClientWrapper(
                                  ^^^^^^^^^^^^^^^^^^^^^^^
  File "A:\My_Coding_Projects\Presentation Tools\backend\venv\Lib\site-packages\groq\_base_client.py", line 741, in __init__
    super().__init__(**kwargs)
TypeError: Client.__init__() got an unexpected keyword argument 'proxies'

During handling of the above exception, another exception occurred:

Traceback (most recent call last):
  File "A:\My_Coding_Projects\Presentation Tools\backend\presentation_app\views.py", line 84, in generate
    generator = GroqPresentationGenerator(
                ^^^^^^^^^^^^^^^^^^^^^^^^^^
  File "A:\My_Coding_Projects\Presentation Tools\backend\presentation_app\presentation_generator.py", line 287, in __init__
    self.client = Groq(api_key=api_key, http_client=None)
                  ^^^^^^^^^^^^^^^^^^^^^^^^^^^^^^^^^^^^^^^
  File "A:\My_Coding_Projects\Presentation Tools\backend\venv\Lib\site-packages\groq\_client.py", line 99, in __init__
    super().__init__(
  File "A:\My_Coding_Projects\Presentation Tools\backend\venv\Lib\site-packages\groq\_base_client.py", line 843, in __init__
    self._client = http_client or SyncHttpxClientWrapper(
                                  ^^^^^^^^^^^^^^^^^^^^^^^
  File "A:\My_Coding_Projects\Presentation Tools\backend\venv\Lib\site-packages\groq\_base_client.py", line 741, in __init__
    super().__init__(**kwargs)
TypeError: Client.__init__() got an unexpected keyword argument 'proxies'
[2026-01-16 03:46:13] ERROR presentation_app.views generate - Presentation generation error: Client.__init__() got an unexpected keyword argument 'proxies'
Traceback (most recent call last):
  File "A:\My_Coding_Projects\Presentation Tools\backend\presentation_app\presentation_generator.py", line 284, in __init__
    self.client = Groq(api_key=api_key)
                  ^^^^^^^^^^^^^^^^^^^^^
  File "A:\My_Coding_Projects\Presentation Tools\backend\venv\Lib\site-packages\groq\_client.py", line 99, in __init__
    super().__init__(
  File "A:\My_Coding_Projects\Presentation Tools\backend\venv\Lib\site-packages\groq\_base_client.py", line 843, in __init__
    self._client = http_client or SyncHttpxClientWrapper(
                                  ^^^^^^^^^^^^^^^^^^^^^^^
  File "A:\My_Coding_Projects\Presentation Tools\backend\venv\Lib\site-packages\groq\_base_client.py", line 741, in __init__
    super().__init__(**kwargs)
TypeError: Client.__init__() got an unexpected keyword argument 'proxies'

During handling of the above exception, another exception occurred:

Traceback (most recent call last):
  File "A:\My_Coding_Projects\Presentation Tools\backend\presentation_app\views.py", line 84, in generate
    generator = GroqPresentationGenerator(
                ^^^^^^^^^^^^^^^^^^^^^^^^^^
  File "A:\My_Coding_Projects\Presentation Tools\backend\presentation_app\presentation_generator.py", line 287, in __init__
    self.client = Groq(api_key=api_key, http_client=None)
                  ^^^^^^^^^^^^^^^^^^^^^^^^^^^^^^^^^^^^^^^
  File "A:\My_Coding_Projects\Presentation Tools\backend\venv\Lib\site-packages\groq\_client.py", line 99, in __init__
    super().__init__(
  File "A:\My_Coding_Projects\Presentation Tools\backend\venv\Lib\site-packages\groq\_base_client.py", line 843, in __init__
    self._client = http_client or SyncHttpxClientWrapper(
                                  ^^^^^^^^^^^^^^^^^^^^^^^
  File "A:\My_Coding_Projects\Presentation Tools\backend\venv\Lib\site-packages\groq\_base_client.py", line 741, in __init__
    super().__init__(**kwargs)
TypeError: Client.__init__() got an unexpected keyword argument 'proxies'
[2026-01-16 03:47:15] ERROR presentation_app.views generate - Presentation generation error: TypeError: Client.__init__() got an unexpected keyword argument 'proxies'
Traceback (most recent call last):
  File "A:\My_Coding_Projects\Presentation Tools\backend\presentation_app\presentation_generator.py", line 284, in __init__
    self.client = Groq(api_key=api_key)
                  ^^^^^^^^^^^^^^^^^^^^^
  File "A:\My_Coding_Projects\Presentation Tools\backend\venv\Lib\site-packages\groq\_client.py", line 99, in __init__
    super().__init__(
  File "A:\My_Coding_Projects\Presentation Tools\backend\venv\Lib\site-packages\groq\_base_client.py", line 843, in __init__
    self._client = http_client or SyncHttpxClientWrapper(
                                  ^^^^^^^^^^^^^^^^^^^^^^^
  File "A:\My_Coding_Projects\Presentation Tools\backend\venv\Lib\site-packages\groq\_base_client.py", line 741, in __init__
    super().__init__(**kwargs)
TypeError: Client.__init__() got an unexpected keyword argument 'proxies'

During handling of the above exception, another exception occurred:

Traceback (most recent call last):
  File "A:\My_Coding_Projects\Presentation Tools\backend\presentation_app\views.py", line 84, in generate
    generator = GroqPresentationGenerator(
                ^^^^^^^^^^^^^^^^^^^^^^^^^^
  File "A:\My_Coding_Projects\Presentation Tools\backend\presentation_app\presentation_generator.py", line 287, in __init__
    self.client = Groq(api_key=api_key, http_client=None)
                  ^^^^^^^^^^^^^^^^^^^^^^^^^^^^^^^^^^^^^^^
  File "A:\My_Coding_Projects\Presentation Tools\backend\venv\Lib\site-packages\groq\_client.py", line 99, in __init__
    super().__init__(
  File "A:\My_Coding_Projects\Presentation Tools\backend\venv\Lib\site-packages\groq\_base_client.py", line 843, in __init__
    self._client = http_client or SyncHttpxClientWrapper(
                                  ^^^^^^^^^^^^^^^^^^^^^^^
  File "A:\My_Coding_Projects\Presentation Tools\backend\venv\Lib\site-packages\groq\_base_client.py", line 741, in __init__
    super().__init__(**kwargs)
TypeError: Client.__init__() got an unexpected keyword argument 'proxies'
[2026-01-16 03:47:33] ERROR presentation_app.views generate - Presentation generation error: TypeError: Client.__init__() got an unexpected keyword argument 'proxies'
Traceback (most recent call last):
  File "A:\My_Coding_Projects\Presentation Tools\backend\presentation_app\views.py", line 84, in generate
    generator = GroqPresentationGenerator(
                ^^^^^^^^^^^^^^^^^^^^^^^^^^
  File "A:\My_Coding_Projects\Presentation Tools\backend\presentation_app\presentation_generator.py", line 284, in __init__
    self.client = Groq(api_key=api_key)
                  ^^^^^^^^^^^^^^^^^^^^^
  File "A:\My_Coding_Projects\Presentation Tools\backend\venv\Lib\site-packages\groq\_client.py", line 99, in __init__
    super().__init__(
  File "A:\My_Coding_Projects\Presentation Tools\backend\venv\Lib\site-packages\groq\_base_client.py", line 843, in __init__
    self._client = http_client or SyncHttpxClientWrapper(
                                  ^^^^^^^^^^^^^^^^^^^^^^^
  File "A:\My_Coding_Projects\Presentation Tools\backend\venv\Lib\site-packages\groq\_base_client.py", line 741, in __init__
    super().__init__(**kwargs)
TypeError: Client.__init__() got an unexpected keyword argument 'proxies'
[2026-01-16 03:48:48] ERROR presentation_app.exceptions custom_exception_handler - Exception in <presentation_app.views.PresentationViewSet object at 0x000001E59DD91150>: Invalid token.
Traceback (most recent call last):
  File "A:\My_Coding_Projects\Presentation Tools\backend\venv\Lib\site-packages\rest_framework\authentication.py", line 201, in authenticate_credentials
    token = model.objects.select_related('user').get(key=key)
            ^^^^^^^^^^^^^^^^^^^^^^^^^^^^^^^^^^^^^^^^^^^^^^^^^
  File "A:\My_Coding_Projects\Presentation Tools\backend\venv\Lib\site-packages\django\db\models\query.py", line 637, in get
    raise self.model.DoesNotExist(
rest_framework.authtoken.models.Token.DoesNotExist: Token matching query does not exist.

During handling of the above exception, another exception occurred:

Traceback (most recent call last):
  File "A:\My_Coding_Projects\Presentation Tools\backend\venv\Lib\site-packages\rest_framework\views.py", line 497, in dispatch
    self.initial(request, *args, **kwargs)
  File "A:\My_Coding_Projects\Presentation Tools\backend\venv\Lib\site-packages\rest_framework\views.py", line 414, in initial
    self.perform_authentication(request)
  File "A:\My_Coding_Projects\Presentation Tools\backend\venv\Lib\site-packages\rest_framework\views.py", line 324, in perform_authentication
    request.user
  File "A:\My_Coding_Projects\Presentation Tools\backend\venv\Lib\site-packages\rest_framework\request.py", line 227, in user
    self._authenticate()
  File "A:\My_Coding_Projects\Presentation Tools\backend\venv\Lib\site-packages\rest_framework\request.py", line 380, in _authenticate
    user_auth_tuple = authenticator.authenticate(self)
                      ^^^^^^^^^^^^^^^^^^^^^^^^^^^^^^^^
  File "A:\My_Coding_Projects\Presentation Tools\backend\venv\Lib\site-packages\rest_framework\authentication.py", line 196, in authenticate
    return self.authenticate_credentials(token)
           ^^^^^^^^^^^^^^^^^^^^^^^^^^^^^^^^^^^^
  File "A:\My_Coding_Projects\Presentation Tools\backend\venv\Lib\site-packages\rest_framework\authentication.py", line 203, in authenticate_credentials
    raise exceptions.AuthenticationFailed(_('Invalid token.'))
rest_framework.exceptions.AuthenticationFailed: Invalid token.
