[2026-01-15 19:02:06] ERROR presentation_app.views generate - Presentation generation error: No valid JSON found in Groq response
Traceback (most recent call last):
  File "A:\My_Coding_Projects\Presentation Tools\backend\presentation_app\views.py", line 94, in generate
    json_structure = generator.generate()
                     ^^^^^^^^^^^^^^^^^^^^
  File "A:\My_Coding_Projects\Presentation Tools\backend\presentation_app\presentation_generator.py", line 206, in generate
    return self._generate_chunked()
           ^^^^^^^^^^^^^^^^^^^^^^^^
  File "A:\My_Coding_Projects\Presentation Tools\backend\presentation_app\presentation_generator.py", line 317, in _generate_chunked
    return self._generate_single()
           ^^^^^^^^^^^^^^^^^^^^^^^
  File "A:\My_Coding_Projects\Presentation Tools\backend\presentation_app\presentation_generator.py", line 252, in _generate_single
    raise ValueError("No valid JSON found in Groq response")
ValueError: No valid JSON found in Groq response
[2026-01-15 19:03:45] ERROR presentation_app.views generate - Presentation generation error: No valid JSON found in Groq response
Traceback (most recent call last):
  File "A:\My_Coding_Projects\Presentation Tools\backend\presentation_app\views.py", line 94, in generate
    json_structure = generator.generate()
                     ^^^^^^^^^^^^^^^^^^^^
  File "A:\My_Coding_Projects\Presentation Tools\backend\presentation_app\presentation_generator.py", line 225, in generate
    return self._generate_chunked()
           ^^^^^^^^^^^^^^^^^^^^^^^^
  File "A:\My_Coding_Projects\Presentation Tools\backend\presentation_app\presentation_generator.py", line 350, in _generate_chunked
    return self._generate_single()
           ^^^^^^^^^^^^^^^^^^^^^^^
  File "A:\My_Coding_Projects\Presentation Tools\backend\presentation_app\presentation_generator.py", line 277, in _generate_single
    raise ValueError("No valid JSON found in Groq response")
ValueError: No valid JSON found in Groq response
[2026-01-15 19:10:05] ERROR presentation_app.views generate - Presentation generation error: No valid JSON found in Groq response
Traceback (most recent call last):
  File "A:\My_Coding_Projects\Presentation Tools\backend\presentation_app\views.py", line 94, in generate
    json_structure = generator.generate()
                     ^^^^^^^^^^^^^^^^^^^^
  File "A:\My_Coding_Projects\Presentation Tools\backend\presentation_app\presentation_generator.py", line 318, in generate
    return self._generate_chunked()
           ^^^^^^^^^^^^^^^^^^^^^^^^
  File "A:\My_Coding_Projects\Presentation Tools\backend\presentation_app\presentation_generator.py", line 457, in _generate_chunked
    return self._generate_single()
           ^^^^^^^^^^^^^^^^^^^^^^^
  File "A:\My_Coding_Projects\Presentation Tools\backend\presentation_app\presentation_generator.py", line 370, in _generate_single
    raise ValueError("No valid JSON found in Groq response")
ValueError: No valid JSON found in Groq response
[2026-01-15 19:10:54] ERROR presentation_app.views generate - Presentation generation error: No valid JSON found in Groq response
Traceback (most recent call last):
  File "A:\My_Coding_Projects\Presentation Tools\backend\presentation_app\views.py", line 94, in generate
    json_structure = generator.generate()
                     ^^^^^^^^^^^^^^^^^^^^
  File "A:\My_Coding_Projects\Presentation Tools\backend\presentation_app\presentation_generator.py", line 318, in generate
    return self._generate_chunked()
           ^^^^^^^^^^^^^^^^^^^^^^^^
  File "A:\My_Coding_Projects\Presentation Tools\backend\presentation_app\presentation_generator.py", line 457, in _generate_chunked
    return self._generate_single()
           ^^^^^^^^^^^^^^^^^^^^^^^
  File "A:\My_Coding_Projects\Presentation Tools\backend\presentation_app\presentation_generator.py", line 370, in _generate_single
    raise ValueError("No valid JSON found in Groq response")
ValueError: No valid JSON found in Groq response
[2026-01-15 21:32:07] ERROR presentation_app.views generate - Presentation generation error: 'list' object has no attribute 'get'
Traceback (most recent call last):
  File "A:\My_Coding_Projects\Presentation Tools\backend\presentation_app\views.py", line 97, in generate
    if json_structure.get('metadata', {}).get('generated_with_chunking'):
       ^^^^^^^^^^^^^^^^^^
AttributeError: 'list' object has no attribute 'get'
[2026-01-15 21:34:26] ERROR presentation_app.views generate - Invalid json_structure type: <class 'list'>, expected dict
[2026-01-15 22:22:40] ERROR presentation_app.presentation_generator _generate_single - [JSON PARSE FAILED] Full response:
[
  {"slide_number": 1, "title": "Why Every Letter Matters", "subtitle": "", "content": "Typography is not just about making text look pretty — it’s about creating connections between ideas and people.", "bullets": ["Typography sends a message before anyone even reads the words", "Every font choice has an impact on the reader", "Understanding typography can transform ordinary text into powerful communication"], "slide_type": "title"},
  {"slide_number": 2, "title": "How We Got Here: Typography’s
[2026-01-15 22:22:40] ERROR presentation_app.views generate - Presentation generation error: 'total_slides'
Traceback (most recent call last):
  File "A:\My_Coding_Projects\Presentation Tools\backend\presentation_app\views.py", line 109, in generate
    logger.info(f"Single request processing: {json_structure['total_slides']} slides generated")
                                              ~~~~~~~~~~~~~~^^^^^^^^^^^^^^^^
KeyError: 'total_slides'
[2026-01-15 22:24:17] ERROR presentation_app.views generate - Presentation generation error: cannot access local variable 'slides_list' where it is not associated with a value
Traceback (most recent call last):
  File "A:\My_Coding_Projects\Presentation Tools\backend\presentation_app\views.py", line 109, in generate
    logger.info(f"Single request processing: {len(slides_list)} slides generated")
                                                  ^^^^^^^^^^^
UnboundLocalError: cannot access local variable 'slides_list' where it is not associated with a value
[2026-01-16 03:18:46] ERROR presentation_app.exceptions custom_exception_handler - Exception in <presentation_app.views.PresentationViewSet object at 0x000001C7C17D9E10>: Invalid token.
Traceback (most recent call last):
  File "A:\My_Coding_Projects\Presentation Tools\backend\venv\Lib\site-packages\rest_framework\authentication.py", line 201, in authenticate_credentials
    token = model.objects.select_related('user').get(key=key)
            ^^^^^^^^^^^^^^^^^^^^^^^^^^^^^^^^^^^^^^^^^^^^^^^^^
  File "A:\My_Coding_Projects\Presentation Tools\backend\venv\Lib\site-packages\django\db\models\query.py", line 637, in get
    raise self.model.DoesNotExist(
rest_framework.authtoken.models.Token.DoesNotExist: Token matching query does not exist.

During handling of the above exception, another exception occurred:

Traceback (most recent call last):
  File "A:\My_Coding_Projects\Presentation Tools\backend\venv\Lib\site-packages\rest_framework\views.py", line 497, in dispatch
    self.initial(request, *args, **kwargs)
  File "A:\My_Coding_Projects\Presentation Tools\backend\venv\Lib\site-packages\rest_framework\views.py", line 414, in initial
    self.perform_authentication(request)
  File "A:\My_Coding_Projects\Presentation Tools\backend\venv\Lib\site-packages\rest_framework\views.py", line 324, in perform_authentication
    request.user
  File "A:\My_Coding_Projects\Presentation Tools\backend\venv\Lib\site-packages\rest_framework\request.py", line 227, in user
    self._authenticate()
  File "A:\My_Coding_Projects\Presentation Tools\backend\venv\Lib\site-packages\rest_framework\request.py", line 380, in _authenticate
    user_auth_tuple = authenticator.authenticate(self)
                      ^^^^^^^^^^^^^^^^^^^^^^^^^^^^^^^^
  File "A:\My_Coding_Projects\Presentation Tools\backend\venv\Lib\site-packages\rest_framework\authentication.py", line 196, in authenticate
    return self.authenticate_credentials(token)
           ^^^^^^^^^^^^^^^^^^^^^^^^^^^^^^^^^^^^
  File "A:\My_Coding_Projects\Presentation Tools\backend\venv\Lib\site-packages\rest_framework\authentication.py", line 203, in authenticate_credentials
    raise exceptions.AuthenticationFailed(_('Invalid token.'))
rest_framework.exceptions.AuthenticationFailed: Invalid token.
[2026-01-16 03:18:46] ERROR presentation_app.exceptions custom_exception_handler - Exception in <presentation_app.views.PresentationViewSet object at 0x000001C7C17D9D10>: Invalid token.
Traceback (most recent call last):
  File "A:\My_Coding_Projects\Presentation Tools\backend\venv\Lib\site-packages\rest_framework\authentication.py", line 201, in authenticate_credentials
    token = model.objects.select_related('user').get(key=key)
            ^^^^^^^^^^^^^^^^^^^^^^^^^^^^^^^^^^^^^^^^^^^^^^^^^
  File "A:\My_Coding_Projects\Presentation Tools\backend\venv\Lib\site-packages\django\db\models\query.py", line 637, in get
    raise self.model.DoesNotExist(
rest_framework.authtoken.models.Token.DoesNotExist: Token matching query does not exist.

During handling of the above exception, another exception occurred:

Traceback (most recent call last):
  File "A:\My_Coding_Projects\Presentation Tools\backend\venv\Lib\site-packages\rest_framework\views.py", line 497, in dispatch
    self.initial(request, *args, **kwargs)
  File "A:\My_Coding_Projects\Presentation Tools\backend\venv\Lib\site-packages\rest_framework\views.py", line 414, in initial
    self.perform_authentication(request)
  File "A:\My_Coding_Projects\Presentation Tools\backend\venv\Lib\site-packages\rest_framework\views.py", line 324, in perform_authentication
    request.user
  File "A:\My_Coding_Projects\Presentation Tools\backend\venv\Lib\site-packages\rest_framework\request.py", line 227, in user
    self._authenticate()
  File "A:\My_Coding_Projects\Presentation Tools\backend\venv\Lib\site-packages\rest_framework\request.py", line 380, in _authenticate
    user_auth_tuple = authenticator.authenticate(self)
                      ^^^^^^^^^^^^^^^^^^^^^^^^^^^^^^^^
  File "A:\My_Coding_Projects\Presentation Tools\backend\venv\Lib\site-packages\rest_framework\authentication.py", line 196, in authenticate
    return self.authenticate_credentials(token)
           ^^^^^^^^^^^^^^^^^^^^^^^^^^^^^^^^^^^^
  File "A:\My_Coding_Projects\Presentation Tools\backend\venv\Lib\site-packages\rest_framework\authentication.py", line 203, in authenticate_credentials
    raise exceptions.AuthenticationFailed(_('Invalid token.'))
rest_framework.exceptions.AuthenticationFailed: Invalid token.
[2026-01-16 03:20:00] ERROR presentation_app.exceptions custom_exception_handler - Exception in <presentation_app.views.PresentationViewSet object at 0x000001C7C1549550>: Invalid token.
Traceback (most recent call last):
  File "A:\My_Coding_Projects\Presentation Tools\backend\venv\Lib\site-packages\rest_framework\authentication.py", line 201, in authenticate_credentials
    token = model.objects.select_related('user').get(key=key)
            ^^^^^^^^^^^^^^^^^^^^^^^^^^^^^^^^^^^^^^^^^^^^^^^^^
  File "A:\My_Coding_Projects\Presentation Tools\backend\venv\Lib\site-packages\django\db\models\query.py", line 637, in get
    raise self.model.DoesNotExist(
rest_framework.authtoken.models.Token.DoesNotExist: Token matching query does not exist.

During handling of the above exception, another exception occurred:

Traceback (most recent call last):
  File "A:\My_Coding_Projects\Presentation Tools\backend\venv\Lib\site-packages\rest_framework\views.py", line 497, in dispatch
    self.initial(request, *args, **kwargs)
  File "A:\My_Coding_Projects\Presentation Tools\backend\venv\Lib\site-packages\rest_framework\views.py", line 414, in initial
    self.perform_authentication(request)
  File "A:\My_Coding_Projects\Presentation Tools\backend\venv\Lib\site-packages\rest_framework\views.py", line 324, in perform_authentication
    request.user
  File "A:\My_Coding_Projects\Presentation Tools\backend\venv\Lib\site-packages\rest_framework\request.py", line 227, in user
    self._authenticate()
  File "A:\My_Coding_Projects\Presentation Tools\backend\venv\Lib\site-packages\rest_framework\request.py", line 380, in _authenticate
    user_auth_tuple = authenticator.authenticate(self)
                      ^^^^^^^^^^^^^^^^^^^^^^^^^^^^^^^^
  File "A:\My_Coding_Projects\Presentation Tools\backend\venv\Lib\site-packages\rest_framework\authentication.py", line 196, in authenticate
    return self.authenticate_credentials(token)
           ^^^^^^^^^^^^^^^^^^^^^^^^^^^^^^^^^^^^
  File "A:\My_Coding_Projects\Presentation Tools\backend\venv\Lib\site-packages\rest_framework\authentication.py", line 203, in authenticate_credentials
    raise exceptions.AuthenticationFailed(_('Invalid token.'))
rest_framework.exceptions.AuthenticationFailed: Invalid token.
[2026-01-16 03:29:01] ERROR presentation_app.exceptions custom_exception_handler - Exception in <presentation_app.views.PresentationViewSet object at 0x000001C7C165DB50>: Invalid token.
Traceback (most recent call last):
  File "A:\My_Coding_Projects\Presentation Tools\backend\venv\Lib\site-packages\rest_framework\authentication.py", line 201, in authenticate_credentials
    token = model.objects.select_related('user').get(key=key)
            ^^^^^^^^^^^^^^^^^^^^^^^^^^^^^^^^^^^^^^^^^^^^^^^^^
  File "A:\My_Coding_Projects\Presentation Tools\backend\venv\Lib\site-packages\django\db\models\query.py", line 637, in get
    raise self.model.DoesNotExist(
rest_framework.authtoken.models.Token.DoesNotExist: Token matching query does not exist.

During handling of the above exception, another exception occurred:

Traceback (most recent call last):
  File "A:\My_Coding_Projects\Presentation Tools\backend\venv\Lib\site-packages\rest_framework\views.py", line 497, in dispatch
    self.initial(request, *args, **kwargs)
  File "A:\My_Coding_Projects\Presentation Tools\backend\venv\Lib\site-packages\rest_framework\views.py", line 414, in initial
    self.perform_authentication(request)
  File "A:\My_Coding_Projects\Presentation Tools\backend\venv\Lib\site-packages\rest_framework\views.py", line 324, in perform_authentication
    request.user
  File "A:\My_Coding_Projects\Presentation Tools\backend\venv\Lib\site-packages\rest_framework\request.py", line 227, in user
    self._authenticate()
  File "A:\My_Coding_Projects\Presentation Tools\backend\venv\Lib\site-packages\rest_framework\request.py", line 380, in _authenticate
    user_auth_tuple = authenticator.authenticate(self)
                      ^^^^^^^^^^^^^^^^^^^^^^^^^^^^^^^^
  File "A:\My_Coding_Projects\Presentation Tools\backend\venv\Lib\site-packages\rest_framework\authentication.py", line 196, in authenticate
    return self.authenticate_credentials(token)
           ^^^^^^^^^^^^^^^^^^^^^^^^^^^^^^^^^^^^
  File "A:\My_Coding_Projects\Presentation Tools\backend\venv\Lib\site-packages\rest_framework\authentication.py", line 203, in authenticate_credentials
    raise exceptions.AuthenticationFailed(_('Invalid token.'))
rest_framework.exceptions.AuthenticationFailed: Invalid token.
[2026-01-16 03:29:02] ERROR presentation_app.exceptions custom_exception_handler - Exception in <presentation_app.views.PresentationViewSet object at 0x000001C7C17B4D50>: Invalid token.
Traceback (most recent call last):
  File "A:\My_Coding_Projects\Presentation Tools\backend\venv\Lib\site-packages\rest_framework\authentication.py", line 201, in authenticate_credentials
    token = model.objects.select_related('user').get(key=key)
            ^^^^^^^^^^^^^^^^^^^^^^^^^^^^^^^^^^^^^^^^^^^^^^^^^
  File "A:\My_Coding_Projects\Presentation Tools\backend\venv\Lib\site-packages\django\db\models\query.py", line 637, in get
    raise self.model.DoesNotExist(
rest_framework.authtoken.models.Token.DoesNotExist: Token matching query does not exist.

During handling of the above exception, another exception occurred:

Traceback (most recent call last):
  File "A:\My_Coding_Projects\Presentation Tools\backend\venv\Lib\site-packages\rest_framework\views.py", line 497, in dispatch
    self.initial(request, *args, **kwargs)
  File "A:\My_Coding_Projects\Presentation Tools\backend\venv\Lib\site-packages\rest_framework\views.py", line 414, in initial
    self.perform_authentication(request)
  File "A:\My_Coding_Projects\Presentation Tools\backend\venv\Lib\site-packages\rest_framework\views.py", line 324, in perform_authentication
    request.user
  File "A:\My_Coding_Projects\Presentation Tools\backend\venv\Lib\site-packages\rest_framework\request.py", line 227, in user
    self._authenticate()
  File "A:\My_Coding_Projects\Presentation Tools\backend\venv\Lib\site-packages\rest_framework\request.py", line 380, in _authenticate
    user_auth_tuple = authenticator.authenticate(self)
                      ^^^^^^^^^^^^^^^^^^^^^^^^^^^^^^^^
  File "A:\My_Coding_Projects\Presentation Tools\backend\venv\Lib\site-packages\rest_framework\authentication.py", line 196, in authenticate
    return self.authenticate_credentials(token)
           ^^^^^^^^^^^^^^^^^^^^^^^^^^^^^^^^^^^^
  File "A:\My_Coding_Projects\Presentation Tools\backend\venv\Lib\site-packages\rest_framework\authentication.py", line 203, in authenticate_credentials
    raise exceptions.AuthenticationFailed(_('Invalid token.'))
rest_framework.exceptions.AuthenticationFailed: Invalid token.
[2026-01-16 03:32:22] ERROR presentation_app.exceptions custom_exception_handler - Exception in <presentation_app.views.PresentationViewSet object at 0x0000024BDFFBEE50>: Invalid token.
Traceback (most recent call last):
  File "A:\My_Coding_Projects\Presentation Tools\backend\venv\Lib\site-packages\rest_framework\authentication.py", line 201, in authenticate_credentials
    token = model.objects.select_related('user').get(key=key)
            ^^^^^^^^^^^^^^^^^^^^^^^^^^^^^^^^^^^^^^^^^^^^^^^^^
  File "A:\My_Coding_Projects\Presentation Tools\backend\venv\Lib\site-packages\django\db\models\query.py", line 637, in get
    raise self.model.DoesNotExist(
rest_framework.authtoken.models.Token.DoesNotExist: Token matching query does not exist.

During handling of the above exception, another exception occurred:

Traceback (most recent call last):
  File "A:\My_Coding_Projects\Presentation Tools\backend\venv\Lib\site-packages\rest_framework\views.py", line 497, in dispatch
    self.initial(request, *args, **kwargs)
  File "A:\My_Coding_Projects\Presentation Tools\backend\venv\Lib\site-packages\rest_framework\views.py", line 414, in initial
    self.perform_authentication(request)
  File "A:\My_Coding_Projects\Presentation Tools\backend\venv\Lib\site-packages\rest_framework\views.py", line 324, in perform_authentication
    request.user
  File "A:\My_Coding_Projects\Presentation Tools\backend\venv\Lib\site-packages\rest_framework\request.py", line 227, in user
    self._authenticate()
  File "A:\My_Coding_Projects\Presentation Tools\backend\venv\Lib\site-packages\rest_framework\request.py", line 380, in _authenticate
    user_auth_tuple = authenticator.authenticate(self)
                      ^^^^^^^^^^^^^^^^^^^^^^^^^^^^^^^^
  File "A:\My_Coding_Projects\Presentation Tools\backend\venv\Lib\site-packages\rest_framework\authentication.py", line 196, in authenticate
    return self.authenticate_credentials(token)
           ^^^^^^^^^^^^^^^^^^^^^^^^^^^^^^^^^^^^
  File "A:\My_Coding_Projects\Presentation Tools\backend\venv\Lib\site-packages\rest_framework\authentication.py", line 203, in authenticate_credentials
    raise exceptions.AuthenticationFailed(_('Invalid token.'))
rest_framework.exceptions.AuthenticationFailed: Invalid token.
[2026-01-16 03:32:29] ERROR presentation_app.exceptions custom_exception_handler - Exception in <presentation_app.views.PresentationViewSet object at 0x0000024BDFFBCB10>: Invalid token.
Traceback (most recent call last):
  File "A:\My_Coding_Projects\Presentation Tools\backend\venv\Lib\site-packages\rest_framework\authentication.py", line 201, in authenticate_credentials
    token = model.objects.select_related('user').get(key=key)
            ^^^^^^^^^^^^^^^^^^^^^^^^^^^^^^^^^^^^^^^^^^^^^^^^^
  File "A:\My_Coding_Projects\Presentation Tools\backend\venv\Lib\site-packages\django\db\models\query.py", line 637, in get
    raise self.model.DoesNotExist(
rest_framework.authtoken.models.Token.DoesNotExist: Token matching query does not exist.

During handling of the above exception, another exception occurred:

Traceback (most recent call last):
  File "A:\My_Coding_Projects\Presentation Tools\backend\venv\Lib\site-packages\rest_framework\views.py", line 497, in dispatch
    self.initial(request, *args, **kwargs)
  File "A:\My_Coding_Projects\Presentation Tools\backend\venv\Lib\site-packages\rest_framework\views.py", line 414, in initial
    self.perform_authentication(request)
  File "A:\My_Coding_Projects\Presentation Tools\backend\venv\Lib\site-packages\rest_framework\views.py", line 324, in perform_authentication
    request.user
  File "A:\My_Coding_Projects\Presentation Tools\backend\venv\Lib\site-packages\rest_framework\request.py", line 227, in user
    self._authenticate()
  File "A:\My_Coding_Projects\Presentation Tools\backend\venv\Lib\site-packages\rest_framework\request.py", line 380, in _authenticate
    user_auth_tuple = authenticator.authenticate(self)
                      ^^^^^^^^^^^^^^^^^^^^^^^^^^^^^^^^
  File "A:\My_Coding_Projects\Presentation Tools\backend\venv\Lib\site-packages\rest_framework\authentication.py", line 196, in authenticate
    return self.authenticate_credentials(token)
           ^^^^^^^^^^^^^^^^^^^^^^^^^^^^^^^^^^^^
  File "A:\My_Coding_Projects\Presentation Tools\backend\venv\Lib\site-packages\rest_framework\authentication.py", line 203, in authenticate_credentials
    raise exceptions.AuthenticationFailed(_('Invalid token.'))
rest_framework.exceptions.AuthenticationFailed: Invalid token.
[2026-01-16 03:37:08] ERROR presentation_app.exceptions custom_exception_handler - Exception in <presentation_app.views.PresentationViewSet object at 0x000001DE5BCD2550>: Invalid token.
Traceback (most recent call last):
  File "A:\My_Coding_Projects\Presentation Tools\backend\venv\Lib\site-packages\rest_framework\authentication.py", line 201, in authenticate_credentials
    token = model.objects.select_related('user').get(key=key)
            ^^^^^^^^^^^^^^^^^^^^^^^^^^^^^^^^^^^^^^^^^^^^^^^^^
  File "A:\My_Coding_Projects\Presentation Tools\backend\venv\Lib\site-packages\django\db\models\query.py", line 637, in get
    raise self.model.DoesNotExist(
rest_framework.authtoken.models.Token.DoesNotExist: Token matching query does not exist.

During handling of the above exception, another exception occurred:

Traceback (most recent call last):
  File "A:\My_Coding_Projects\Presentation Tools\backend\venv\Lib\site-packages\rest_framework\views.py", line 497, in dispatch
    self.initial(request, *args, **kwargs)
  File "A:\My_Coding_Projects\Presentation Tools\backend\venv\Lib\site-packages\rest_framework\views.py", line 414, in initial
    self.perform_authentication(request)
  File "A:\My_Coding_Projects\Presentation Tools\backend\venv\Lib\site-packages\rest_framework\views.py", line 324, in perform_authentication
    request.user
  File "A:\My_Coding_Projects\Presentation Tools\backend\venv\Lib\site-packages\rest_framework\request.py", line 227, in user
    self._authenticate()
  File "A:\My_Coding_Projects\Presentation Tools\backend\venv\Lib\site-packages\rest_framework\request.py", line 380, in _authenticate
    user_auth_tuple = authenticator.authenticate(self)
                      ^^^^^^^^^^^^^^^^^^^^^^^^^^^^^^^^
  File "A:\My_Coding_Projects\Presentation Tools\backend\venv\Lib\site-packages\rest_framework\authentication.py", line 196, in authenticate
    return self.authenticate_credentials(token)
           ^^^^^^^^^^^^^^^^^^^^^^^^^^^^^^^^^^^^
  File "A:\My_Coding_Projects\Presentation Tools\backend\venv\Lib\site-packages\rest_framework\authentication.py", line 203, in authenticate_credentials
    raise exceptions.AuthenticationFailed(_('Invalid token.'))
rest_framework.exceptions.AuthenticationFailed: Invalid token.
[2026-01-16 03:37:25] ERROR presentation_app.exceptions custom_exception_handler - Exception in <presentation_app.views.PresentationViewSet object at 0x000001DE5BD723D0>: Invalid token.
Traceback (most recent call last):
  File "A:\My_Coding_Projects\Presentation Tools\backend\venv\Lib\site-packages\rest_framework\authentication.py", line 201, in authenticate_credentials
    token = model.objects.select_related('user').get(key=key)
            ^^^^^^^^^^^^^^^^^^^^^^^^^^^^^^^^^^^^^^^^^^^^^^^^^
  File "A:\My_Coding_Projects\Presentation Tools\backend\venv\Lib\site-packages\django\db\models\query.py", line 637, in get
    raise self.model.DoesNotExist(
rest_framework.authtoken.models.Token.DoesNotExist: Token matching query does not exist.

During handling of the above exception, another exception occurred:

Traceback (most recent call last):
  File "A:\My_Coding_Projects\Presentation Tools\backend\venv\Lib\site-packages\rest_framework\views.py", line 497, in dispatch
    self.initial(request, *args, **kwargs)
  File "A:\My_Coding_Projects\Presentation Tools\backend\venv\Lib\site-packages\rest_framework\views.py", line 414, in initial
    self.perform_authentication(request)
  File "A:\My_Coding_Projects\Presentation Tools\backend\venv\Lib\site-packages\rest_framework\views.py", line 324, in perform_authentication
    request.user
  File "A:\My_Coding_Projects\Presentation Tools\backend\venv\Lib\site-packages\rest_framework\request.py", line 227, in user
    self._authenticate()
  File "A:\My_Coding_Projects\Presentation Tools\backend\venv\Lib\site-packages\rest_framework\request.py", line 380, in _authenticate
    user_auth_tuple = authenticator.authenticate(self)
                      ^^^^^^^^^^^^^^^^^^^^^^^^^^^^^^^^
  File "A:\My_Coding_Projects\Presentation Tools\backend\venv\Lib\site-packages\rest_framework\authentication.py", line 196, in authenticate
    return self.authenticate_credentials(token)
           ^^^^^^^^^^^^^^^^^^^^^^^^^^^^^^^^^^^^
  File "A:\My_Coding_Projects\Presentation Tools\backend\venv\Lib\site-packages\rest_framework\authentication.py", line 203, in authenticate_credentials
    raise exceptions.AuthenticationFailed(_('Invalid token.'))
rest_framework.exceptions.AuthenticationFailed: Invalid token.
[2026-01-16 03:39:22] ERROR presentation_app.exceptions custom_exception_handler - Exception in <presentation_app.views.PresentationViewSet object at 0x000001DE5BCDE110>: Invalid token.
Traceback (most recent call last):
  File "A:\My_Coding_Projects\Presentation Tools\backend\venv\Lib\site-packages\rest_framework\authentication.py", line 201, in authenticate_credentials
    token = model.objects.select_related('user').get(key=key)
            ^^^^^^^^^^^^^^^^^^^^^^^^^^^^^^^^^^^^^^^^^^^^^^^^^
  File "A:\My_Coding_Projects\Presentation Tools\backend\venv\Lib\site-packages\django\db\models\query.py", line 637, in get
    raise self.model.DoesNotExist(
rest_framework.authtoken.models.Token.DoesNotExist: Token matching query does not exist.

During handling of the above exception, another exception occurred:

Traceback (most recent call last):
  File "A:\My_Coding_Projects\Presentation Tools\backend\venv\Lib\site-packages\rest_framework\views.py", line 497, in dispatch
    self.initial(request, *args, **kwargs)
  File "A:\My_Coding_Projects\Presentation Tools\backend\venv\Lib\site-packages\rest_framework\views.py", line 414, in initial
    self.perform_authentication(request)
  File "A:\My_Coding_Projects\Presentation Tools\backend\venv\Lib\site-packages\rest_framework\views.py", line 324, in perform_authentication
    request.user
  File "A:\My_Coding_Projects\Presentation Tools\backend\venv\Lib\site-packages\rest_framework\request.py", line 227, in user
    self._authenticate()
  File "A:\My_Coding_Projects\Presentation Tools\backend\venv\Lib\site-packages\rest_framework\request.py", line 380, in _authenticate
    user_auth_tuple = authenticator.authenticate(self)
                      ^^^^^^^^^^^^^^^^^^^^^^^^^^^^^^^^
  File "A:\My_Coding_Projects\Presentation Tools\backend\venv\Lib\site-packages\rest_framework\authentication.py", line 196, in authenticate
    return self.authenticate_credentials(token)
           ^^^^^^^^^^^^^^^^^^^^^^^^^^^^^^^^^^^^
  File "A:\My_Coding_Projects\Presentation Tools\backend\venv\Lib\site-packages\rest_framework\authentication.py", line 203, in authenticate_credentials
    raise exceptions.AuthenticationFailed(_('Invalid token.'))
rest_framework.exceptions.AuthenticationFailed: Invalid token.
[2026-01-16 03:39:31] ERROR presentation_app.exceptions custom_exception_handler - Exception in <presentation_app.views.PresentationViewSet object at 0x000001DE5BEC9750>: Invalid token.
Traceback (most recent call last):
  File "A:\My_Coding_Projects\Presentation Tools\backend\venv\Lib\site-packages\rest_framework\authentication.py", line 201, in authenticate_credentials
    token = model.objects.select_related('user').get(key=key)
            ^^^^^^^^^^^^^^^^^^^^^^^^^^^^^^^^^^^^^^^^^^^^^^^^^
  File "A:\My_Coding_Projects\Presentation Tools\backend\venv\Lib\site-packages\django\db\models\query.py", line 637, in get
    raise self.model.DoesNotExist(
rest_framework.authtoken.models.Token.DoesNotExist: Token matching query does not exist.

During handling of the above exception, another exception occurred:

Traceback (most recent call last):
  File "A:\My_Coding_Projects\Presentation Tools\backend\venv\Lib\site-packages\rest_framework\views.py", line 497, in dispatch
    self.initial(request, *args, **kwargs)
  File "A:\My_Coding_Projects\Presentation Tools\backend\venv\Lib\site-packages\rest_framework\views.py", line 414, in initial
    self.perform_authentication(request)
  File "A:\My_Coding_Projects\Presentation Tools\backend\venv\Lib\site-packages\rest_framework\views.py", line 324, in perform_authentication
    request.user
  File "A:\My_Coding_Projects\Presentation Tools\backend\venv\Lib\site-packages\rest_framework\request.py", line 227, in user
    self._authenticate()
  File "A:\My_Coding_Projects\Presentation Tools\backend\venv\Lib\site-packages\rest_framework\request.py", line 380, in _authenticate
    user_auth_tuple = authenticator.authenticate(self)
                      ^^^^^^^^^^^^^^^^^^^^^^^^^^^^^^^^
  File "A:\My_Coding_Projects\Presentation Tools\backend\venv\Lib\site-packages\rest_framework\authentication.py", line 196, in authenticate
    return self.authenticate_credentials(token)
           ^^^^^^^^^^^^^^^^^^^^^^^^^^^^^^^^^^^^
  File "A:\My_Coding_Projects\Presentation Tools\backend\venv\Lib\site-packages\rest_framework\authentication.py", line 203, in authenticate_credentials
    raise exceptions.AuthenticationFailed(_('Invalid token.'))
rest_framework.exceptions.AuthenticationFailed: Invalid token.
[2026-01-16 03:41:27] ERROR presentation_app.exceptions custom_exception_handler - Exception in <presentation_app.views.PresentationViewSet object at 0x000001DE5BEC9410>: Invalid token.
Traceback (most recent call last):
  File "A:\My_Coding_Projects\Presentation Tools\backend\venv\Lib\site-packages\rest_framework\authentication.py", line 201, in authenticate_credentials
    token = model.objects.select_related('user').get(key=key)
            ^^^^^^^^^^^^^^^^^^^^^^^^^^^^^^^^^^^^^^^^^^^^^^^^^
  File "A:\My_Coding_Projects\Presentation Tools\backend\venv\Lib\site-packages\django\db\models\query.py", line 637, in get
    raise self.model.DoesNotExist(
rest_framework.authtoken.models.Token.DoesNotExist: Token matching query does not exist.

During handling of the above exception, another exception occurred:

Traceback (most recent call last):
  File "A:\My_Coding_Projects\Presentation Tools\backend\venv\Lib\site-packages\rest_framework\views.py", line 497, in dispatch
    self.initial(request, *args, **kwargs)
  File "A:\My_Coding_Projects\Presentation Tools\backend\venv\Lib\site-packages\rest_framework\views.py", line 414, in initial
    self.perform_authentication(request)
  File "A:\My_Coding_Projects\Presentation Tools\backend\venv\Lib\site-packages\rest_framework\views.py", line 324, in perform_authentication
    request.user
  File "A:\My_Coding_Projects\Presentation Tools\backend\venv\Lib\site-packages\rest_framework\request.py", line 227, in user
    self._authenticate()
  File "A:\My_Coding_Projects\Presentation Tools\backend\venv\Lib\site-packages\rest_framework\request.py", line 380, in _authenticate
    user_auth_tuple = authenticator.authenticate(self)
                      ^^^^^^^^^^^^^^^^^^^^^^^^^^^^^^^^
  File "A:\My_Coding_Projects\Presentation Tools\backend\venv\Lib\site-packages\rest_framework\authentication.py", line 196, in authenticate
    return self.authenticate_credentials(token)
           ^^^^^^^^^^^^^^^^^^^^^^^^^^^^^^^^^^^^
  File "A:\My_Coding_Projects\Presentation Tools\backend\venv\Lib\site-packages\rest_framework\authentication.py", line 203, in authenticate_credentials
    raise exceptions.AuthenticationFailed(_('Invalid token.'))
rest_framework.exceptions.AuthenticationFailed: Invalid token.
[2026-01-16 03:41:32] ERROR presentation_app.exceptions custom_exception_handler - Exception in <presentation_app.views.PresentationViewSet object at 0x000001DE5BCBF310>: Invalid token.
Traceback (most recent call last):
  File "A:\My_Coding_Projects\Presentation Tools\backend\venv\Lib\site-packages\rest_framework\authentication.py", line 201, in authenticate_credentials
    token = model.objects.select_related('user').get(key=key)
            ^^^^^^^^^^^^^^^^^^^^^^^^^^^^^^^^^^^^^^^^^^^^^^^^^
  File "A:\My_Coding_Projects\Presentation Tools\backend\venv\Lib\site-packages\django\db\models\query.py", line 637, in get
    raise self.model.DoesNotExist(
rest_framework.authtoken.models.Token.DoesNotExist: Token matching query does not exist.

During handling of the above exception, another exception occurred:

Traceback (most recent call last):
  File "A:\My_Coding_Projects\Presentation Tools\backend\venv\Lib\site-packages\rest_framework\views.py", line 497, in dispatch
    self.initial(request, *args, **kwargs)
  File "A:\My_Coding_Projects\Presentation Tools\backend\venv\Lib\site-packages\rest_framework\views.py", line 414, in initial
    self.perform_authentication(request)
  File "A:\My_Coding_Projects\Presentation Tools\backend\venv\Lib\site-packages\rest_framework\views.py", line 324, in perform_authentication
    request.user
  File "A:\My_Coding_Projects\Presentation Tools\backend\venv\Lib\site-packages\rest_framework\request.py", line 227, in user
    self._authenticate()
  File "A:\My_Coding_Projects\Presentation Tools\backend\venv\Lib\site-packages\rest_framework\request.py", line 380, in _authenticate
    user_auth_tuple = authenticator.authenticate(self)
                      ^^^^^^^^^^^^^^^^^^^^^^^^^^^^^^^^
  File "A:\My_Coding_Projects\Presentation Tools\backend\venv\Lib\site-packages\rest_framework\authentication.py", line 196, in authenticate
    return self.authenticate_credentials(token)
           ^^^^^^^^^^^^^^^^^^^^^^^^^^^^^^^^^^^^
  File "A:\My_Coding_Projects\Presentation Tools\backend\venv\Lib\site-packages\rest_framework\authentication.py", line 203, in authenticate_credentials
    raise exceptions.AuthenticationFailed(_('Invalid token.'))
rest_framework.exceptions.AuthenticationFailed: Invalid token.
[2026-01-16 03:44:54] ERROR presentation_app.views generate - Presentation generation error: Client.__init__() got an unexpected keyword argument 'proxies'
Traceback (most recent call last):
  File "A:\My_Coding_Projects\Presentation Tools\backend\presentation_app\presentation_generator.py", line 284, in __init__
    self.client = Groq(api_key=api_key)
                  ^^^^^^^^^^^^^^^^^^^^^
  File "A:\My_Coding_Projects\Presentation Tools\backend\venv\Lib\site-packages\groq\_client.py", line 99, in __init__
    super().__init__(
  File "A:\My_Coding_Projects\Presentation Tools\backend\venv\Lib\site-packages\groq\_base_client.py", line 843, in __init__
    self._client = http_client or SyncHttpxClientWrapper(
                                  ^^^^^^^^^^^^^^^^^^^^^^^
  File "A:\My_Coding_Projects\Presentation Tools\backend\venv\Lib\site-packages\groq\_base_client.py", line 741, in __init__
    super().__init__(**kwargs)
TypeError: Client.__init__() got an unexpected keyword argument 'proxies'

During handling of the above exception, another exception occurred:

Traceback (most recent call last):
  File "A:\My_Coding_Projects\Presentation Tools\backend\presentation_app\views.py", line 84, in generate
    generator = GroqPresentationGenerator(
                ^^^^^^^^^^^^^^^^^^^^^^^^^^
  File "A:\My_Coding_Projects\Presentation Tools\backend\presentation_app\presentation_generator.py", line 287, in __init__
    self.client = Groq(api_key=api_key, http_client=None)
                  ^^^^^^^^^^^^^^^^^^^^^^^^^^^^^^^^^^^^^^^
  File "A:\My_Coding_Projects\Presentation Tools\backend\venv\Lib\site-packages\groq\_client.py", line 99, in __init__
    super().__init__(
  File "A:\My_Coding_Projects\Presentation Tools\backend\venv\Lib\site-packages\groq\_base_client.py", line 843, in __init__
    self._client = http_client or SyncHttpxClientWrapper(
                                  ^^^^^^^^^^^^^^^^^^^^^^^
  File "A:\My_Coding_Projects\Presentation Tools\backend\venv\Lib\site-packages\groq\_base_client.py", line 741, in __init__
    super().__init__(**kwargs)
TypeError: Client.__init__() got an unexpected keyword argument 'proxies'
[2026-01-16 03:46:13] ERROR presentation_app.views generate - Presentation generation error: Client.__init__() got an unexpected keyword argument 'proxies'
Traceback (most recent call last):
  File "A:\My_Coding_Projects\Presentation Tools\backend\presentation_app\presentation_generator.py", line 284, in __init__
    self.client = Groq(api_key=api_key)
                  ^^^^^^^^^^^^^^^^^^^^^
  File "A:\My_Coding_Projects\Presentation Tools\backend\venv\Lib\site-packages\groq\_client.py", line 99, in __init__
    super().__init__(
  File "A:\My_Coding_Projects\Presentation Tools\backend\venv\Lib\site-packages\groq\_base_client.py", line 843, in __init__
    self._client = http_client or SyncHttpxClientWrapper(
                                  ^^^^^^^^^^^^^^^^^^^^^^^
  File "A:\My_Coding_Projects\Presentation Tools\backend\venv\Lib\site-packages\groq\_base_client.py", line 741, in __init__
    super().__init__(**kwargs)
TypeError: Client.__init__() got an unexpected keyword argument 'proxies'

During handling of the above exception, another exception occurred:

Traceback (most recent call last):
  File "A:\My_Coding_Projects\Presentation Tools\backend\presentation_app\views.py", line 84, in generate
    generator = GroqPresentationGenerator(
                ^^^^^^^^^^^^^^^^^^^^^^^^^^
  File "A:\My_Coding_Projects\Presentation Tools\backend\presentation_app\presentation_generator.py", line 287, in __init__
    self.client = Groq(api_key=api_key, http_client=None)
                  ^^^^^^^^^^^^^^^^^^^^^^^^^^^^^^^^^^^^^^^
  File "A:\My_Coding_Projects\Presentation Tools\backend\venv\Lib\site-packages\groq\_client.py", line 99, in __init__
    super().__init__(
  File "A:\My_Coding_Projects\Presentation Tools\backend\venv\Lib\site-packages\groq\_base_client.py", line 843, in __init__
    self._client = http_client or SyncHttpxClientWrapper(
                                  ^^^^^^^^^^^^^^^^^^^^^^^
  File "A:\My_Coding_Projects\Presentation Tools\backend\venv\Lib\site-packages\groq\_base_client.py", line 741, in __init__
    super().__init__(**kwargs)
TypeError: Client.__init__() got an unexpected keyword argument 'proxies'
[2026-01-16 03:47:15] ERROR presentation_app.views generate - Presentation generation error: TypeError: Client.__init__() got an unexpected keyword argument 'proxies'
Traceback (most recent call last):
  File "A:\My_Coding_Projects\Presentation Tools\backend\presentation_app\presentation_generator.py", line 284, in __init__
    self.client = Groq(api_key=api_key)
                  ^^^^^^^^^^^^^^^^^^^^^
  File "A:\My_Coding_Projects\Presentation Tools\backend\venv\Lib\site-packages\groq\_client.py", line 99, in __init__
    super().__init__(
  File "A:\My_Coding_Projects\Presentation Tools\backend\venv\Lib\site-packages\groq\_base_client.py", line 843, in __init__
    self._client = http_client or SyncHttpxClientWrapper(
                                  ^^^^^^^^^^^^^^^^^^^^^^^
  File "A:\My_Coding_Projects\Presentation Tools\backend\venv\Lib\site-packages\groq\_base_client.py", line 741, in __init__
    super().__init__(**kwargs)
TypeError: Client.__init__() got an unexpected keyword argument 'proxies'

During handling of the above exception, another exception occurred:

Traceback (most recent call last):
  File "A:\My_Coding_Projects\Presentation Tools\backend\presentation_app\views.py", line 84, in generate
    generator = GroqPresentationGenerator(
                ^^^^^^^^^^^^^^^^^^^^^^^^^^
  File "A:\My_Coding_Projects\Presentation Tools\backend\presentation_app\presentation_generator.py", line 287, in __init__
    self.client = Groq(api_key=api_key, http_client=None)
                  ^^^^^^^^^^^^^^^^^^^^^^^^^^^^^^^^^^^^^^^
  File "A:\My_Coding_Projects\Presentation Tools\backend\venv\Lib\site-packages\groq\_client.py", line 99, in __init__
    super().__init__(
  File "A:\My_Coding_Projects\Presentation Tools\backend\venv\Lib\site-packages\groq\_base_client.py", line 843, in __init__
    self._client = http_client or SyncHttpxClientWrapper(
                                  ^^^^^^^^^^^^^^^^^^^^^^^
  File "A:\My_Coding_Projects\Presentation Tools\backend\venv\Lib\site-packages\groq\_base_client.py", line 741, in __init__
    super().__init__(**kwargs)
TypeError: Client.__init__() got an unexpected keyword argument 'proxies'
[2026-01-16 03:47:33] ERROR presentation_app.views generate - Presentation generation error: TypeError: Client.__init__() got an unexpected keyword argument 'proxies'
Traceback (most recent call last):
  File "A:\My_Coding_Projects\Presentation Tools\backend\presentation_app\views.py", line 84, in generate
    generator = GroqPresentationGenerator(
                ^^^^^^^^^^^^^^^^^^^^^^^^^^
  File "A:\My_Coding_Projects\Presentation Tools\backend\presentation_app\presentation_generator.py", line 284, in __init__
    self.client = Groq(api_key=api_key)
                  ^^^^^^^^^^^^^^^^^^^^^
  File "A:\My_Coding_Projects\Presentation Tools\backend\venv\Lib\site-packages\groq\_client.py", line 99, in __init__
    super().__init__(
  File "A:\My_Coding_Projects\Presentation Tools\backend\venv\Lib\site-packages\groq\_base_client.py", line 843, in __init__
    self._client = http_client or SyncHttpxClientWrapper(
                                  ^^^^^^^^^^^^^^^^^^^^^^^
  File "A:\My_Coding_Projects\Presentation Tools\backend\venv\Lib\site-packages\groq\_base_client.py", line 741, in __init__
    super().__init__(**kwargs)
TypeError: Client.__init__() got an unexpected keyword argument 'proxies'
[2026-01-16 03:48:48] ERROR presentation_app.exceptions custom_exception_handler - Exception in <presentation_app.views.PresentationViewSet object at 0x000001E59DD91150>: Invalid token.
Traceback (most recent call last):
  File "A:\My_Coding_Projects\Presentation Tools\backend\venv\Lib\site-packages\rest_framework\authentication.py", line 201, in authenticate_credentials
    token = model.objects.select_related('user').get(key=key)
            ^^^^^^^^^^^^^^^^^^^^^^^^^^^^^^^^^^^^^^^^^^^^^^^^^
  File "A:\My_Coding_Projects\Presentation Tools\backend\venv\Lib\site-packages\django\db\models\query.py", line 637, in get
    raise self.model.DoesNotExist(
rest_framework.authtoken.models.Token.DoesNotExist: Token matching query does not exist.

During handling of the above exception, another exception occurred:

Traceback (most recent call last):
  File "A:\My_Coding_Projects\Presentation Tools\backend\venv\Lib\site-packages\rest_framework\views.py", line 497, in dispatch
    self.initial(request, *args, **kwargs)
  File "A:\My_Coding_Projects\Presentation Tools\backend\venv\Lib\site-packages\rest_framework\views.py", line 414, in initial
    self.perform_authentication(request)
  File "A:\My_Coding_Projects\Presentation Tools\backend\venv\Lib\site-packages\rest_framework\views.py", line 324, in perform_authentication
    request.user
  File "A:\My_Coding_Projects\Presentation Tools\backend\venv\Lib\site-packages\rest_framework\request.py", line 227, in user
    self._authenticate()
  File "A:\My_Coding_Projects\Presentation Tools\backend\venv\Lib\site-packages\rest_framework\request.py", line 380, in _authenticate
    user_auth_tuple = authenticator.authenticate(self)
                      ^^^^^^^^^^^^^^^^^^^^^^^^^^^^^^^^
  File "A:\My_Coding_Projects\Presentation Tools\backend\venv\Lib\site-packages\rest_framework\authentication.py", line 196, in authenticate
    return self.authenticate_credentials(token)
           ^^^^^^^^^^^^^^^^^^^^^^^^^^^^^^^^^^^^
  File "A:\My_Coding_Projects\Presentation Tools\backend\venv\Lib\site-packages\rest_framework\authentication.py", line 203, in authenticate_credentials
    raise exceptions.AuthenticationFailed(_('Invalid token.'))
rest_framework.exceptions.AuthenticationFailed: Invalid token.
[2026-01-16 23:34:13] ERROR presentation_app.presentation_generator __init__ - [GROQ CLIENT] Initialization error: Client.__init__() got an unexpected keyword argument 'proxies'
[2026-01-16 23:34:13] ERROR presentation_app.presentation_generator __init__ - [GROQ CLIENT] Attempting clean initialization with api_key only...
[2026-01-16 23:34:13] CRITICAL presentation_app.presentation_generator __init__ - [GROQ CLIENT] Failed to initialize: Client.__init__() got an unexpected keyword argument 'proxies'
[2026-01-17 00:31:34] ERROR presentation_app.script_generator generate_script_for_slides - Error generating script: 'Groq' object has no attribute 'messages'
Traceback (most recent call last):
  File "A:\My_Coding_Projects\Presentation Tools\backend\presentation_app\script_generator.py", line 64, in generate_script_for_slides
    message = self.client.messages.create(
              ^^^^^^^^^^^^^^^^^^^^
AttributeError: 'Groq' object has no attribute 'messages'
[2026-01-17 00:32:09] ERROR presentation_app.script_generator generate_script_for_slides - Error generating script: Error code: 400 - {'error': {'message': 'The model `mixtral-8x7b-32768` has been decommissioned and is no longer supported. Please refer to https://console.groq.com/docs/deprecations for a recommendation on which model to use instead.', 'type': 'invalid_request_error', 'code': 'model_decommissioned'}}
Traceback (most recent call last):
  File "A:\My_Coding_Projects\Presentation Tools\backend\presentation_app\script_generator.py", line 64, in generate_script_for_slides
    message = self.client.chat.completions.create(
              ^^^^^^^^^^^^^^^^^^^^^^^^^^^^^^^^^^^^
  File "A:\My_Coding_Projects\Presentation Tools\backend\venv\Lib\site-packages\groq\resources\chat\completions.py", line 461, in create
    return self._post(
           ^^^^^^^^^^^
  File "A:\My_Coding_Projects\Presentation Tools\backend\venv\Lib\site-packages\groq\_base_client.py", line 1242, in post
    return cast(ResponseT, self.request(cast_to, opts, stream=stream, stream_cls=stream_cls))
                           ^^^^^^^^^^^^^^^^^^^^^^^^^^^^^^^^^^^^^^^^^^^^^^^^^^^^^^^^^^^^^^^^^
  File "A:\My_Coding_Projects\Presentation Tools\backend\venv\Lib\site-packages\groq\_base_client.py", line 1044, in request
    raise self._make_status_error_from_response(err.response) from None
groq.BadRequestError: Error code: 400 - {'error': {'message': 'The model `mixtral-8x7b-32768` has been decommissioned and is no longer supported. Please refer to https://console.groq.com/docs/deprecations for a recommendation on which model to use instead.', 'type': 'invalid_request_error', 'code': 'model_decommissioned'}}
[2026-01-17 00:32:37] ERROR presentation_app.script_generator generate_script_for_slides - Error generating script: 'ChatCompletion' object has no attribute 'content'
Traceback (most recent call last):
  File "A:\My_Coding_Projects\Presentation Tools\backend\presentation_app\script_generator.py", line 77, in generate_script_for_slides
    script_text = message.content[0].text
                  ^^^^^^^^^^^^^^^
  File "A:\My_Coding_Projects\Presentation Tools\backend\venv\Lib\site-packages\pydantic\main.py", line 1026, in __getattr__
    raise AttributeError(f'{type(self).__name__!r} object has no attribute {item!r}')
AttributeError: 'ChatCompletion' object has no attribute 'content'
[2026-01-17 00:33:05] ERROR presentation_app.script_generator _parse_script_response - Failed to parse script response as JSON: Invalid control character at: line 5 column 378 (char 447)
[2026-01-17 00:33:05] ERROR presentation_app.script_generator _parse_script_response - Response text: [
  {
    "slide_number": 1,
    "slide_title": "Introduction to AI",
    "script": "Welcome, everyone, to this presentation on AI in the Modern World. Today, we'll be exploring the exciting developments in the field of Artificial Intelligence. Artificial Intelligence, or AI, is transforming the world around us. From smart homes to self-driving cars, AI is being applied in various areas to improve efficiency, productivity, and decision-making.

Let's take a brief look at some of the fundamental 
[2026-01-17 02:21:26] ERROR presentation_app.script_generator _parse_script_response - Failed to parse script response as JSON: Expecting value: line 1 column 2 (char 1)
[2026-01-17 02:21:26] ERROR presentation_app.script_generator _parse_script_response - Response text: Here is the script for each slide in JSON format:

[
  {
    "slide_number": 1,
    "slide_title": "Comprehensive Overview: Future-Proof Your Career: Why Business Beats Jobs When AI Takes Over",
    "script": "Hey everyone, welcome to this presentation on Future-Proofing Your Career. I want to talk about a very real and pressing issue: what happens to our jobs when AI takes over. I mean, we've all heard the stats, but today, we're going to dig deeper and figure out how to make the most of this r
[2026-01-17 02:22:37] ERROR presentation_app.script_generator _parse_script_response - Failed to parse script response as JSON: Expecting value: line 1 column 2 (char 1)
[2026-01-17 02:22:37] ERROR presentation_app.script_generator _parse_script_response - Response text: [
  {
    "slide_number": 1,
    "slide_title": "Comprehensive Overview: Future-Proof Your Career: Why Business Beats Jobs When AI Takes Over",
    "script": "Welcome, everyone. I'm excited to talk about something that's on everyone's mind these days – the future of work. As we stand here today, AI is transforming industries, creating new opportunities, and raising concerns about the future of our careers. My goal for today is to provide a comprehensive overview of this changing landscape and sh
[2026-01-17 03:00:02] ERROR presentation_app.views export_pptx - PPTX export failed for presentation 164: 'primary_background'
Traceback (most recent call last):
  File "A:\My_Coding_Projects\Presentation Tools\backend\presentation_app\views.py", line 288, in export_pptx
    pptx_file = generate_pptx(presentation, template_name=template_name, slide_ratio=slide_ratio, bullet_style=bullet_style)
                ^^^^^^^^^^^^^^^^^^^^^^^^^^^^^^^^^^^^^^^^^^^^^^^^^^^^^^^^^^^^^^^^^^^^^^^^^^^^^^^^^^^^^^^^^^^^^^^^^^^^^^^^^^^^
  File "A:\My_Coding_Projects\Presentation Tools\backend\presentation_app\pptx_generator.py", line 75, in generate_pptx
    PRIMARY_BG = hex_to_rgb(colors['primary_background'])      # #9d8189 - Deep mauve background
                            ~~~~~~^^^^^^^^^^^^^^^^^^^^^^
KeyError: 'primary_background'
[2026-01-17 03:13:19] ERROR presentation_app.views export_pptx - PPTX export failed for presentation 161: name 'avg_bullet_length' is not defined
Traceback (most recent call last):
  File "A:\My_Coding_Projects\Presentation Tools\backend\presentation_app\views.py", line 288, in export_pptx
    pptx_file = generate_pptx(presentation, template_name=template_name, slide_ratio=slide_ratio, bullet_style=bullet_style)
                ^^^^^^^^^^^^^^^^^^^^^^^^^^^^^^^^^^^^^^^^^^^^^^^^^^^^^^^^^^^^^^^^^^^^^^^^^^^^^^^^^^^^^^^^^^^^^^^^^^^^^^^^^^^^
  File "A:\My_Coding_Projects\Presentation Tools\backend\presentation_app\pptx_generator.py", line 476, in generate_pptx
    elif avg_bullet_length > 80:
         ^^^^^^^^^^^^^^^^^
NameError: name 'avg_bullet_length' is not defined
